../edge-impulse-sdk/tensorflow/lite/kernels/internal/runtime_shape.h:50:8:bool tflite::RuntimeShape::operator==(const tflite::RuntimeShape&) const	24	static
../edge-impulse-sdk/tensorflow/lite/kernels/internal/runtime_shape.h:56:3:tflite::RuntimeShape::~RuntimeShape()	16	static
../edge-impulse-sdk/tensorflow/lite/kernels/internal/runtime_shape.h:58:11:int32_t tflite::RuntimeShape::DimensionsCount() const	16	static
../edge-impulse-sdk/tensorflow/lite/kernels/internal/runtime_shape.h:59:11:int32_t tflite::RuntimeShape::Dims(int) const	16	static
../edge-impulse-sdk/tensorflow/lite/kernels/internal/runtime_shape.h:64:8:void tflite::RuntimeShape::SetDim(int, int32_t)	24	static
../edge-impulse-sdk/tensorflow/lite/kernels/internal/runtime_shape.h:70:23:static tflite::RuntimeShape tflite::RuntimeShape::ExtendedShape(int, const tflite::RuntimeShape&)	24	static
../edge-impulse-sdk/tensorflow/lite/kernels/internal/runtime_shape.h:74:12:int32_t* tflite::RuntimeShape::DimsData()	16	static
../edge-impulse-sdk/tensorflow/lite/kernels/internal/runtime_shape.h:75:18:const int32_t* tflite::RuntimeShape::DimsData() const	16	static
../edge-impulse-sdk/tensorflow/lite/kernels/internal/runtime_shape.h:86:7:int tflite::RuntimeShape::FlatSize() const	32	static
../edge-impulse-sdk/tensorflow/lite/kernels/internal/runtime_shape.h:99:3:tflite::RuntimeShape::RuntimeShape(int, const tflite::RuntimeShape&, int)	40	static
../edge-impulse-sdk/tensorflow/lite/kernels/internal/types.h:299:12:int tflite::MatchingElementsSize(const RuntimeShape&, const RuntimeShape&, const RuntimeShape&)	40	static
../edge-impulse-sdk/tensorflow/lite/kernels/internal/common.h:970:12:int tflite::SubscriptToIndex(const NdArrayDesc<5>&, int*)	16	static
C:\ST\STM32CubeIDE_2.1.0\STM32CubeIDE\plugins\com.st.stm32cube.ide.mcu.externaltools.gnu-tools-for-stm32.14.3.rel1.win32_1.0.100.202602081740\tools\arm-none-eabi\include\c++\14.3.1\arm-none-eabi\thumb\v7e-m+fp\hard\bits\gthr-default.h:229:1:int __gthread_key_delete(__gthread_key_t)	16	static
../edge-impulse-sdk/tensorflow/lite/micro/kernels/maximum_minimum.cc:42:3:tflite::{anonymous}::OpContext::OpContext(TfLiteContext*, TfLiteNode*)	24	static
../edge-impulse-sdk/tensorflow/lite/micro/kernels/maximum_minimum.cc:112:20:TfLiteRegistration tflite::Register_MAXIMUM()	24	static
../edge-impulse-sdk/tensorflow/lite/micro/kernels/maximum_minimum.cc:117:20:TfLiteRegistration tflite::Register_MINIMUM()	24	static
../edge-impulse-sdk/tensorflow/lite/micro/kernels/maximum_minimum.cc:80:14:TfLiteStatus tflite::{anonymous}::Eval(TfLiteContext*, TfLiteNode*) [with KernelType kernel_type = tflite::<unnamed>::kReference; OpType = MaximumOp]	32	static
../edge-impulse-sdk/tensorflow/lite/micro/kernels/maximum_minimum.cc:80:14:TfLiteStatus tflite::{anonymous}::Eval(TfLiteContext*, TfLiteNode*) [with KernelType kernel_type = tflite::<unnamed>::kReference; OpType = MinimumOp]	32	static
../edge-impulse-sdk/tensorflow/lite/micro/kernels/maximum_minimum.cc:67:6:void tflite::{anonymous}::TFLiteOperation(TfLiteContext*, TfLiteNode*, const OpContext&) [with data_type = float; op_type = MaximumOp]	120	static
../edge-impulse-sdk/tensorflow/lite/micro/kernels/maximum_minimum.cc:67:6:void tflite::{anonymous}::TFLiteOperation(TfLiteContext*, TfLiteNode*, const OpContext&) [with data_type = signed char; op_type = MaximumOp]	120	static
../edge-impulse-sdk/tensorflow/lite/micro/kernels/maximum_minimum.cc:67:6:void tflite::{anonymous}::TFLiteOperation(TfLiteContext*, TfLiteNode*, const OpContext&) [with data_type = long int; op_type = MaximumOp]	120	static
../edge-impulse-sdk/tensorflow/lite/micro/kernels/maximum_minimum.cc:67:6:void tflite::{anonymous}::TFLiteOperation(TfLiteContext*, TfLiteNode*, const OpContext&) [with data_type = long long int; op_type = MaximumOp]	120	static
../edge-impulse-sdk/tensorflow/lite/micro/kernels/maximum_minimum.cc:67:6:void tflite::{anonymous}::TFLiteOperation(TfLiteContext*, TfLiteNode*, const OpContext&) [with data_type = float; op_type = MinimumOp]	120	static
../edge-impulse-sdk/tensorflow/lite/micro/kernels/maximum_minimum.cc:67:6:void tflite::{anonymous}::TFLiteOperation(TfLiteContext*, TfLiteNode*, const OpContext&) [with data_type = signed char; op_type = MinimumOp]	120	static
../edge-impulse-sdk/tensorflow/lite/micro/kernels/maximum_minimum.cc:67:6:void tflite::{anonymous}::TFLiteOperation(TfLiteContext*, TfLiteNode*, const OpContext&) [with data_type = long int; op_type = MinimumOp]	120	static
../edge-impulse-sdk/tensorflow/lite/micro/kernels/maximum_minimum.cc:67:6:void tflite::{anonymous}::TFLiteOperation(TfLiteContext*, TfLiteNode*, const OpContext&) [with data_type = long long int; op_type = MinimumOp]	120	static
../edge-impulse-sdk/tensorflow/lite/micro/kernels/kernel_util.h:71:10:const T* tflite::micro::GetTensorData(const TfLiteEvalTensor*) [with T = float]	16	static
../edge-impulse-sdk/tensorflow/lite/micro/kernels/kernel_util.h:64:4:T* tflite::micro::GetTensorData(TfLiteEvalTensor*) [with T = float]	16	static
../edge-impulse-sdk/tensorflow/lite/micro/kernels/maximum_minimum.cc:54:20:static data_type tflite::{anonymous}::MaximumOp::op(data_type, data_type) [with data_type = float]	16	static
../edge-impulse-sdk/tensorflow/lite/kernels/internal/reference/maximum_minimum.h:52:24:tflite::reference_ops::MaximumMinimumBroadcastSlow<float, float (*)(float, float)>(const tflite::RuntimeShape&, const float*, const tflite::RuntimeShape&, const float*, const tflite::RuntimeShape&, float*, float (*)(float, float))::<lambda(int*)>	32	static
../edge-impulse-sdk/tensorflow/lite/kernels/internal/reference/maximum_minimum.h:25:6:void tflite::reference_ops::MaximumMinimumBroadcastSlow(const tflite::RuntimeShape&, const T*, const tflite::RuntimeShape&, const T*, const tflite::RuntimeShape&, T*, Op) [with T = float; Op = float (*)(float, float); int N = 5]	216	static
../edge-impulse-sdk/tensorflow/lite/micro/kernels/kernel_util.h:71:10:const T* tflite::micro::GetTensorData(const TfLiteEvalTensor*) [with T = signed char]	16	static
../edge-impulse-sdk/tensorflow/lite/micro/kernels/kernel_util.h:64:4:T* tflite::micro::GetTensorData(TfLiteEvalTensor*) [with T = signed char]	16	static
../edge-impulse-sdk/tensorflow/lite/micro/kernels/maximum_minimum.cc:54:20:static data_type tflite::{anonymous}::MaximumOp::op(data_type, data_type) [with data_type = signed char]	16	static
../edge-impulse-sdk/tensorflow/lite/kernels/internal/reference/maximum_minimum.h:52:24:tflite::reference_ops::MaximumMinimumBroadcastSlow<signed char, signed char (*)(signed char, signed char)>(const tflite::RuntimeShape&, const signed char*, const tflite::RuntimeShape&, const signed char*, const tflite::RuntimeShape&, signed char*, signed char (*)(signed char, signed char))::<lambda(int*)>	32	static
../edge-impulse-sdk/tensorflow/lite/kernels/internal/reference/maximum_minimum.h:25:6:void tflite::reference_ops::MaximumMinimumBroadcastSlow(const tflite::RuntimeShape&, const T*, const tflite::RuntimeShape&, const T*, const tflite::RuntimeShape&, T*, Op) [with T = signed char; Op = signed char (*)(signed char, signed char); int N = 5]	216	static
../edge-impulse-sdk/tensorflow/lite/micro/kernels/kernel_util.h:71:10:const T* tflite::micro::GetTensorData(const TfLiteEvalTensor*) [with T = long int]	16	static
../edge-impulse-sdk/tensorflow/lite/micro/kernels/kernel_util.h:64:4:T* tflite::micro::GetTensorData(TfLiteEvalTensor*) [with T = long int]	16	static
../edge-impulse-sdk/tensorflow/lite/micro/kernels/maximum_minimum.cc:54:20:static data_type tflite::{anonymous}::MaximumOp::op(data_type, data_type) [with data_type = long int]	16	static
../edge-impulse-sdk/tensorflow/lite/kernels/internal/reference/maximum_minimum.h:52:24:tflite::reference_ops::MaximumMinimumBroadcastSlow<long int, long int (*)(long int, long int)>(const tflite::RuntimeShape&, const long int*, const tflite::RuntimeShape&, const long int*, const tflite::RuntimeShape&, long int*, long int (*)(long int, long int))::<lambda(int*)>	40	static
../edge-impulse-sdk/tensorflow/lite/kernels/internal/reference/maximum_minimum.h:25:6:void tflite::reference_ops::MaximumMinimumBroadcastSlow(const tflite::RuntimeShape&, const T*, const tflite::RuntimeShape&, const T*, const tflite::RuntimeShape&, T*, Op) [with T = long int; Op = long int (*)(long int, long int); int N = 5]	216	static
../edge-impulse-sdk/tensorflow/lite/micro/kernels/kernel_util.h:71:10:const T* tflite::micro::GetTensorData(const TfLiteEvalTensor*) [with T = long long int]	16	static
../edge-impulse-sdk/tensorflow/lite/micro/kernels/kernel_util.h:64:4:T* tflite::micro::GetTensorData(TfLiteEvalTensor*) [with T = long long int]	16	static
../edge-impulse-sdk/tensorflow/lite/micro/kernels/maximum_minimum.cc:54:20:static data_type tflite::{anonymous}::MaximumOp::op(data_type, data_type) [with data_type = long long int]	24	static
../edge-impulse-sdk/tensorflow/lite/kernels/internal/reference/maximum_minimum.h:52:24:tflite::reference_ops::MaximumMinimumBroadcastSlow<long long int, long long int (*)(long long int, long long int)>(const tflite::RuntimeShape&, const long long int*, const tflite::RuntimeShape&, const long long int*, const tflite::RuntimeShape&, long long int*, long long int (*)(long long int, long long int))::<lambda(int*)>	48	static
../edge-impulse-sdk/tensorflow/lite/kernels/internal/reference/maximum_minimum.h:25:6:void tflite::reference_ops::MaximumMinimumBroadcastSlow(const tflite::RuntimeShape&, const T*, const tflite::RuntimeShape&, const T*, const tflite::RuntimeShape&, T*, Op) [with T = long long int; Op = long long int (*)(long long int, long long int); int N = 5]	224	static
../edge-impulse-sdk/tensorflow/lite/micro/kernels/maximum_minimum.cc:61:20:static data_type tflite::{anonymous}::MinimumOp::op(data_type, data_type) [with data_type = float]	16	static
../edge-impulse-sdk/tensorflow/lite/micro/kernels/maximum_minimum.cc:61:20:static data_type tflite::{anonymous}::MinimumOp::op(data_type, data_type) [with data_type = signed char]	16	static
../edge-impulse-sdk/tensorflow/lite/micro/kernels/maximum_minimum.cc:61:20:static data_type tflite::{anonymous}::MinimumOp::op(data_type, data_type) [with data_type = long int]	16	static
../edge-impulse-sdk/tensorflow/lite/micro/kernels/maximum_minimum.cc:61:20:static data_type tflite::{anonymous}::MinimumOp::op(data_type, data_type) [with data_type = long long int]	24	static
../edge-impulse-sdk/tensorflow/lite/kernels/internal/common.h:1053:13:void tflite::NdArrayDescsForElementwiseBroadcast(const RuntimeShape&, const RuntimeShape&, NdArrayDesc<N>*, NdArrayDesc<N>*) [with int N = 5]	88	static
../edge-impulse-sdk/tensorflow/lite/kernels/internal/common.h:1042:13:void tflite::CopyDimsToDesc(const RuntimeShape&, NdArrayDesc<N>*) [with int N = 5]	24	static
../edge-impulse-sdk/tensorflow/lite/kernels/internal/common.h:1167:13:void tflite::NDOpsHelper(const NdArrayDesc<N>&, const Calc&) [with int N = 5; Calc = reference_ops::MaximumMinimumBroadcastSlow<float, float (*)(float, float)>(const tflite::RuntimeShape&, const float*, const tflite::RuntimeShape&, const float*, const tflite::RuntimeShape&, float*, float (*)(float, float))::<lambda(int*)>]	40	static
../edge-impulse-sdk/tensorflow/lite/kernels/internal/common.h:1167:13:void tflite::NDOpsHelper(const NdArrayDesc<N>&, const Calc&) [with int N = 5; Calc = reference_ops::MaximumMinimumBroadcastSlow<signed char, signed char (*)(signed char, signed char)>(const tflite::RuntimeShape&, const signed char*, const tflite::RuntimeShape&, const signed char*, const tflite::RuntimeShape&, signed char*, signed char (*)(signed char, signed char))::<lambda(int*)>]	40	static
../edge-impulse-sdk/tensorflow/lite/kernels/internal/common.h:1167:13:void tflite::NDOpsHelper(const NdArrayDesc<N>&, const Calc&) [with int N = 5; Calc = reference_ops::MaximumMinimumBroadcastSlow<long int, long int (*)(long int, long int)>(const tflite::RuntimeShape&, const long int*, const tflite::RuntimeShape&, const long int*, const tflite::RuntimeShape&, long int*, long int (*)(long int, long int))::<lambda(int*)>]	40	static
../edge-impulse-sdk/tensorflow/lite/kernels/internal/common.h:1167:13:void tflite::NDOpsHelper(const NdArrayDesc<N>&, const Calc&) [with int N = 5; Calc = reference_ops::MaximumMinimumBroadcastSlow<long long int, long long int (*)(long long int, long long int)>(const tflite::RuntimeShape&, const long long int*, const tflite::RuntimeShape&, const long long int*, const tflite::RuntimeShape&, long long int*, long long int (*)(long long int, long long int))::<lambda(int*)>]	40	static
../edge-impulse-sdk/tensorflow/lite/kernels/internal/common.h:1149:51:typename std::enable_if<(DIM != (N - 1)), void>::type tflite::NDOpsHelperImpl(const NdArrayDesc<N>&, const Calc&, int*) [with int N = 5; int DIM = 0; Calc = reference_ops::MaximumMinimumBroadcastSlow<float, float (*)(float, float)>(const tflite::RuntimeShape&, const float*, const tflite::RuntimeShape&, const float*, const tflite::RuntimeShape&, float*, float (*)(float, float))::<lambda(int*)>]	24	static
../edge-impulse-sdk/tensorflow/lite/kernels/internal/common.h:1149:51:typename std::enable_if<(DIM != (N - 1)), void>::type tflite::NDOpsHelperImpl(const NdArrayDesc<N>&, const Calc&, int*) [with int N = 5; int DIM = 0; Calc = reference_ops::MaximumMinimumBroadcastSlow<signed char, signed char (*)(signed char, signed char)>(const tflite::RuntimeShape&, const signed char*, const tflite::RuntimeShape&, const signed char*, const tflite::RuntimeShape&, signed char*, signed char (*)(signed char, signed char))::<lambda(int*)>]	24	static
../edge-impulse-sdk/tensorflow/lite/kernels/internal/common.h:1149:51:typename std::enable_if<(DIM != (N - 1)), void>::type tflite::NDOpsHelperImpl(const NdArrayDesc<N>&, const Calc&, int*) [with int N = 5; int DIM = 0; Calc = reference_ops::MaximumMinimumBroadcastSlow<long int, long int (*)(long int, long int)>(const tflite::RuntimeShape&, const long int*, const tflite::RuntimeShape&, const long int*, const tflite::RuntimeShape&, long int*, long int (*)(long int, long int))::<lambda(int*)>]	24	static
../edge-impulse-sdk/tensorflow/lite/kernels/internal/common.h:1149:51:typename std::enable_if<(DIM != (N - 1)), void>::type tflite::NDOpsHelperImpl(const NdArrayDesc<N>&, const Calc&, int*) [with int N = 5; int DIM = 0; Calc = reference_ops::MaximumMinimumBroadcastSlow<long long int, long long int (*)(long long int, long long int)>(const tflite::RuntimeShape&, const long long int*, const tflite::RuntimeShape&, const long long int*, const tflite::RuntimeShape&, long long int*, long long int (*)(long long int, long long int))::<lambda(int*)>]	24	static
../edge-impulse-sdk/tensorflow/lite/kernels/internal/common.h:1149:51:typename std::enable_if<(DIM != (N - 1)), void>::type tflite::NDOpsHelperImpl(const NdArrayDesc<N>&, const Calc&, int*) [with int N = 5; int DIM = 1; Calc = reference_ops::MaximumMinimumBroadcastSlow<float, float (*)(float, float)>(const tflite::RuntimeShape&, const float*, const tflite::RuntimeShape&, const float*, const tflite::RuntimeShape&, float*, float (*)(float, float))::<lambda(int*)>]	24	static
../edge-impulse-sdk/tensorflow/lite/kernels/internal/common.h:1149:51:typename std::enable_if<(DIM != (N - 1)), void>::type tflite::NDOpsHelperImpl(const NdArrayDesc<N>&, const Calc&, int*) [with int N = 5; int DIM = 1; Calc = reference_ops::MaximumMinimumBroadcastSlow<signed char, signed char (*)(signed char, signed char)>(const tflite::RuntimeShape&, const signed char*, const tflite::RuntimeShape&, const signed char*, const tflite::RuntimeShape&, signed char*, signed char (*)(signed char, signed char))::<lambda(int*)>]	24	static
../edge-impulse-sdk/tensorflow/lite/kernels/internal/common.h:1149:51:typename std::enable_if<(DIM != (N - 1)), void>::type tflite::NDOpsHelperImpl(const NdArrayDesc<N>&, const Calc&, int*) [with int N = 5; int DIM = 1; Calc = reference_ops::MaximumMinimumBroadcastSlow<long int, long int (*)(long int, long int)>(const tflite::RuntimeShape&, const long int*, const tflite::RuntimeShape&, const long int*, const tflite::RuntimeShape&, long int*, long int (*)(long int, long int))::<lambda(int*)>]	24	static
../edge-impulse-sdk/tensorflow/lite/kernels/internal/common.h:1149:51:typename std::enable_if<(DIM != (N - 1)), void>::type tflite::NDOpsHelperImpl(const NdArrayDesc<N>&, const Calc&, int*) [with int N = 5; int DIM = 1; Calc = reference_ops::MaximumMinimumBroadcastSlow<long long int, long long int (*)(long long int, long long int)>(const tflite::RuntimeShape&, const long long int*, const tflite::RuntimeShape&, const long long int*, const tflite::RuntimeShape&, long long int*, long long int (*)(long long int, long long int))::<lambda(int*)>]	24	static
../edge-impulse-sdk/tensorflow/lite/kernels/internal/common.h:1149:51:typename std::enable_if<(DIM != (N - 1)), void>::type tflite::NDOpsHelperImpl(const NdArrayDesc<N>&, const Calc&, int*) [with int N = 5; int DIM = 2; Calc = reference_ops::MaximumMinimumBroadcastSlow<float, float (*)(float, float)>(const tflite::RuntimeShape&, const float*, const tflite::RuntimeShape&, const float*, const tflite::RuntimeShape&, float*, float (*)(float, float))::<lambda(int*)>]	24	static
../edge-impulse-sdk/tensorflow/lite/kernels/internal/common.h:1149:51:typename std::enable_if<(DIM != (N - 1)), void>::type tflite::NDOpsHelperImpl(const NdArrayDesc<N>&, const Calc&, int*) [with int N = 5; int DIM = 2; Calc = reference_ops::MaximumMinimumBroadcastSlow<signed char, signed char (*)(signed char, signed char)>(const tflite::RuntimeShape&, const signed char*, const tflite::RuntimeShape&, const signed char*, const tflite::RuntimeShape&, signed char*, signed char (*)(signed char, signed char))::<lambda(int*)>]	24	static
../edge-impulse-sdk/tensorflow/lite/kernels/internal/common.h:1149:51:typename std::enable_if<(DIM != (N - 1)), void>::type tflite::NDOpsHelperImpl(const NdArrayDesc<N>&, const Calc&, int*) [with int N = 5; int DIM = 2; Calc = reference_ops::MaximumMinimumBroadcastSlow<long int, long int (*)(long int, long int)>(const tflite::RuntimeShape&, const long int*, const tflite::RuntimeShape&, const long int*, const tflite::RuntimeShape&, long int*, long int (*)(long int, long int))::<lambda(int*)>]	24	static
../edge-impulse-sdk/tensorflow/lite/kernels/internal/common.h:1149:51:typename std::enable_if<(DIM != (N - 1)), void>::type tflite::NDOpsHelperImpl(const NdArrayDesc<N>&, const Calc&, int*) [with int N = 5; int DIM = 2; Calc = reference_ops::MaximumMinimumBroadcastSlow<long long int, long long int (*)(long long int, long long int)>(const tflite::RuntimeShape&, const long long int*, const tflite::RuntimeShape&, const long long int*, const tflite::RuntimeShape&, long long int*, long long int (*)(long long int, long long int))::<lambda(int*)>]	24	static
../edge-impulse-sdk/tensorflow/lite/kernels/internal/common.h:1149:51:typename std::enable_if<(DIM != (N - 1)), void>::type tflite::NDOpsHelperImpl(const NdArrayDesc<N>&, const Calc&, int*) [with int N = 5; int DIM = 3; Calc = reference_ops::MaximumMinimumBroadcastSlow<float, float (*)(float, float)>(const tflite::RuntimeShape&, const float*, const tflite::RuntimeShape&, const float*, const tflite::RuntimeShape&, float*, float (*)(float, float))::<lambda(int*)>]	24	static
../edge-impulse-sdk/tensorflow/lite/kernels/internal/common.h:1149:51:typename std::enable_if<(DIM != (N - 1)), void>::type tflite::NDOpsHelperImpl(const NdArrayDesc<N>&, const Calc&, int*) [with int N = 5; int DIM = 3; Calc = reference_ops::MaximumMinimumBroadcastSlow<signed char, signed char (*)(signed char, signed char)>(const tflite::RuntimeShape&, const signed char*, const tflite::RuntimeShape&, const signed char*, const tflite::RuntimeShape&, signed char*, signed char (*)(signed char, signed char))::<lambda(int*)>]	24	static
../edge-impulse-sdk/tensorflow/lite/kernels/internal/common.h:1149:51:typename std::enable_if<(DIM != (N - 1)), void>::type tflite::NDOpsHelperImpl(const NdArrayDesc<N>&, const Calc&, int*) [with int N = 5; int DIM = 3; Calc = reference_ops::MaximumMinimumBroadcastSlow<long int, long int (*)(long int, long int)>(const tflite::RuntimeShape&, const long int*, const tflite::RuntimeShape&, const long int*, const tflite::RuntimeShape&, long int*, long int (*)(long int, long int))::<lambda(int*)>]	24	static
../edge-impulse-sdk/tensorflow/lite/kernels/internal/common.h:1149:51:typename std::enable_if<(DIM != (N - 1)), void>::type tflite::NDOpsHelperImpl(const NdArrayDesc<N>&, const Calc&, int*) [with int N = 5; int DIM = 3; Calc = reference_ops::MaximumMinimumBroadcastSlow<long long int, long long int (*)(long long int, long long int)>(const tflite::RuntimeShape&, const long long int*, const tflite::RuntimeShape&, const long long int*, const tflite::RuntimeShape&, long long int*, long long int (*)(long long int, long long int))::<lambda(int*)>]	24	static
../edge-impulse-sdk/tensorflow/lite/kernels/internal/common.h:1157:51:typename std::enable_if<(DIM == (N - 1)), void>::type tflite::NDOpsHelperImpl(const NdArrayDesc<N>&, const Calc&, int*) [with int N = 5; int DIM = 4; Calc = reference_ops::MaximumMinimumBroadcastSlow<float, float (*)(float, float)>(const tflite::RuntimeShape&, const float*, const tflite::RuntimeShape&, const float*, const tflite::RuntimeShape&, float*, float (*)(float, float))::<lambda(int*)>]	24	static
../edge-impulse-sdk/tensorflow/lite/kernels/internal/common.h:1157:51:typename std::enable_if<(DIM == (N - 1)), void>::type tflite::NDOpsHelperImpl(const NdArrayDesc<N>&, const Calc&, int*) [with int N = 5; int DIM = 4; Calc = reference_ops::MaximumMinimumBroadcastSlow<signed char, signed char (*)(signed char, signed char)>(const tflite::RuntimeShape&, const signed char*, const tflite::RuntimeShape&, const signed char*, const tflite::RuntimeShape&, signed char*, signed char (*)(signed char, signed char))::<lambda(int*)>]	24	static
../edge-impulse-sdk/tensorflow/lite/kernels/internal/common.h:1157:51:typename std::enable_if<(DIM == (N - 1)), void>::type tflite::NDOpsHelperImpl(const NdArrayDesc<N>&, const Calc&, int*) [with int N = 5; int DIM = 4; Calc = reference_ops::MaximumMinimumBroadcastSlow<long int, long int (*)(long int, long int)>(const tflite::RuntimeShape&, const long int*, const tflite::RuntimeShape&, const long int*, const tflite::RuntimeShape&, long int*, long int (*)(long int, long int))::<lambda(int*)>]	24	static
../edge-impulse-sdk/tensorflow/lite/kernels/internal/common.h:1157:51:typename std::enable_if<(DIM == (N - 1)), void>::type tflite::NDOpsHelperImpl(const NdArrayDesc<N>&, const Calc&, int*) [with int N = 5; int DIM = 4; Calc = reference_ops::MaximumMinimumBroadcastSlow<long long int, long long int (*)(long long int, long long int)>(const tflite::RuntimeShape&, const long long int*, const tflite::RuntimeShape&, const long long int*, const tflite::RuntimeShape&, long long int*, long long int (*)(long long int, long long int))::<lambda(int*)>]	24	static
