C:\ST\STM32CubeIDE_2.1.0\STM32CubeIDE\plugins\com.st.stm32cube.ide.mcu.externaltools.gnu-tools-for-stm32.14.3.rel1.win32_1.0.100.202602081740\tools\arm-none-eabi\include\c++\14.3.1\bits\stl_algobase.h:1038:3:constexpr unsigned int std::__size_to_integer(unsigned int)	16	static
../edge-impulse-sdk/tensorflow/lite/kernels/internal/runtime_shape.h:56:3:tflite::RuntimeShape::~RuntimeShape()	16	static
../edge-impulse-sdk/tensorflow/lite/kernels/internal/runtime_shape.h:58:11:int32_t tflite::RuntimeShape::DimensionsCount() const	16	static
../edge-impulse-sdk/tensorflow/lite/kernels/internal/runtime_shape.h:59:11:int32_t tflite::RuntimeShape::Dims(int) const	16	static
../edge-impulse-sdk/tensorflow/lite/kernels/internal/runtime_shape.h:75:18:const int32_t* tflite::RuntimeShape::DimsData() const	16	static
../edge-impulse-sdk/tensorflow/lite/kernels/internal/runtime_shape.h:86:7:int tflite::RuntimeShape::FlatSize() const	32	static
../edge-impulse-sdk/tensorflow/lite/kernels/kernel_util.h:151:12:int tflite::SizeOfDimension(const TfLiteTensor*, int)	16	static
../edge-impulse-sdk/tensorflow/lite/kernels/kernel_util.h:160:12:int tflite::NumInputs(const TfLiteNode*)	16	static
../edge-impulse-sdk/tensorflow/lite/kernels/kernel_util.h:163:12:int tflite::NumOutputs(const TfLiteNode*)	16	static
../edge-impulse-sdk/tensorflow/lite/kernels/kernel_util.h:198:13:bool tflite::IsConstantTensor(const TfLiteTensor*)	16	static
../edge-impulse-sdk/tensorflow/lite/kernels/kernel_util.h:202:13:bool tflite::IsConstantOrPersistentTensor(const TfLiteTensor*)	16	static
../edge-impulse-sdk/tensorflow/lite/kernels/kernel_util.h:209:13:bool tflite::IsDynamicTensor(const TfLiteTensor*)	16	static
C:\ST\STM32CubeIDE_2.1.0\STM32CubeIDE\plugins\com.st.stm32cube.ide.mcu.externaltools.gnu-tools-for-stm32.14.3.rel1.win32_1.0.100.202602081740\tools\arm-none-eabi\include\c++\14.3.1\arm-none-eabi\thumb\v7e-m+fp\hard\bits\gthr-default.h:229:1:int __gthread_key_delete(__gthread_key_t)	16	static
../edge-impulse-sdk/tensorflow/lite/micro/micro_context.h:120:22:tflite::MicroContext* tflite::GetMicroContext(const TfLiteContext*)	16	static
../edge-impulse-sdk/tensorflow/lite/micro/kernels/scatter_nd.cc:34:14:TfLiteStatus tflite::scatter_nd::Prepare(TfLiteContext*, TfLiteNode*)	80	static
../edge-impulse-sdk/tensorflow/lite/micro/kernels/scatter_nd.cc:165:14:TfLiteStatus tflite::scatter_nd::Eval(TfLiteContext*, TfLiteNode*)	48	static
../edge-impulse-sdk/tensorflow/lite/micro/kernels/scatter_nd.cc:190:20:TfLiteRegistration tflite::Register_SCATTER_ND()	24	static
C:\ST\STM32CubeIDE_2.1.0\STM32CubeIDE\plugins\com.st.stm32cube.ide.mcu.externaltools.gnu-tools-for-stm32.14.3.rel1.win32_1.0.100.202602081740\tools\arm-none-eabi\include\c++\14.3.1\bits\stl_algobase.h:233:5:constexpr const _Tp& std::min(const _Tp&, const _Tp&) [with _Tp = unsigned int]	16	static
../edge-impulse-sdk/tensorflow/lite/kernels/internal/tensor_ctypes.h:24:11:T* tflite::GetTensorData(TfLiteTensor*) [with T = long int]	16	static
../edge-impulse-sdk/tensorflow/lite/micro/kernels/scatter_nd.cc:129:14:TfLiteStatus tflite::scatter_nd::EvalScatterNd(TfLiteContext*, const TfLiteEvalTensor*, const TfLiteEvalTensor*, const TfLiteEvalTensor*, TfLiteEvalTensor*) [with IndicesT = long int]	40	static
../edge-impulse-sdk/tensorflow/lite/micro/kernels/scatter_nd.cc:120:14:TfLiteStatus tflite::scatter_nd::ScatterNd(const TfLiteEvalTensor*, const TfLiteEvalTensor*, TfLiteEvalTensor*) [with IndicesT = long int; UpdatesT = float]	112	static
../edge-impulse-sdk/tensorflow/lite/micro/kernels/scatter_nd.cc:120:14:TfLiteStatus tflite::scatter_nd::ScatterNd(const TfLiteEvalTensor*, const TfLiteEvalTensor*, TfLiteEvalTensor*) [with IndicesT = long int; UpdatesT = unsigned char]	112	static
../edge-impulse-sdk/tensorflow/lite/micro/kernels/scatter_nd.cc:120:14:TfLiteStatus tflite::scatter_nd::ScatterNd(const TfLiteEvalTensor*, const TfLiteEvalTensor*, TfLiteEvalTensor*) [with IndicesT = long int; UpdatesT = bool]	112	static
../edge-impulse-sdk/tensorflow/lite/micro/kernels/scatter_nd.cc:120:14:TfLiteStatus tflite::scatter_nd::ScatterNd(const TfLiteEvalTensor*, const TfLiteEvalTensor*, TfLiteEvalTensor*) [with IndicesT = long int; UpdatesT = signed char]	112	static
../edge-impulse-sdk/tensorflow/lite/micro/kernels/scatter_nd.cc:120:14:TfLiteStatus tflite::scatter_nd::ScatterNd(const TfLiteEvalTensor*, const TfLiteEvalTensor*, TfLiteEvalTensor*) [with IndicesT = long int; UpdatesT = long int]	112	static
../edge-impulse-sdk/tensorflow/lite/micro/kernels/scatter_nd.cc:120:14:TfLiteStatus tflite::scatter_nd::ScatterNd(const TfLiteEvalTensor*, const TfLiteEvalTensor*, TfLiteEvalTensor*) [with IndicesT = long int; UpdatesT = long long int]	112	static
../edge-impulse-sdk/tensorflow/lite/micro/kernels/kernel_util.h:71:10:const T* tflite::micro::GetTensorData(const TfLiteEvalTensor*) [with T = long int]	16	static
../edge-impulse-sdk/tensorflow/lite/micro/kernels/kernel_util.h:71:10:const T* tflite::micro::GetTensorData(const TfLiteEvalTensor*) [with T = float]	16	static
../edge-impulse-sdk/tensorflow/lite/micro/kernels/kernel_util.h:64:4:T* tflite::micro::GetTensorData(TfLiteEvalTensor*) [with T = float]	16	static
../edge-impulse-sdk/tensorflow/lite/kernels/internal/reference/scatter_nd.h:29:21:TfLiteStatus tflite::reference_ops::ScatterNd(const tflite::RuntimeShape&, const IndicesT*, const tflite::RuntimeShape&, const UpdatesT*, const tflite::RuntimeShape&, UpdatesT*) [with IndicesT = long int; UpdatesT = float]	120	static
../edge-impulse-sdk/tensorflow/lite/micro/kernels/kernel_util.h:71:10:const T* tflite::micro::GetTensorData(const TfLiteEvalTensor*) [with T = unsigned char]	16	static
../edge-impulse-sdk/tensorflow/lite/micro/kernels/kernel_util.h:64:4:T* tflite::micro::GetTensorData(TfLiteEvalTensor*) [with T = unsigned char]	16	static
../edge-impulse-sdk/tensorflow/lite/kernels/internal/reference/scatter_nd.h:29:21:TfLiteStatus tflite::reference_ops::ScatterNd(const tflite::RuntimeShape&, const IndicesT*, const tflite::RuntimeShape&, const UpdatesT*, const tflite::RuntimeShape&, UpdatesT*) [with IndicesT = long int; UpdatesT = unsigned char]	120	static
../edge-impulse-sdk/tensorflow/lite/micro/kernels/kernel_util.h:71:10:const T* tflite::micro::GetTensorData(const TfLiteEvalTensor*) [with T = bool]	16	static
../edge-impulse-sdk/tensorflow/lite/micro/kernels/kernel_util.h:64:4:T* tflite::micro::GetTensorData(TfLiteEvalTensor*) [with T = bool]	16	static
../edge-impulse-sdk/tensorflow/lite/kernels/internal/reference/scatter_nd.h:29:21:TfLiteStatus tflite::reference_ops::ScatterNd(const tflite::RuntimeShape&, const IndicesT*, const tflite::RuntimeShape&, const UpdatesT*, const tflite::RuntimeShape&, UpdatesT*) [with IndicesT = long int; UpdatesT = bool]	120	static
../edge-impulse-sdk/tensorflow/lite/micro/kernels/kernel_util.h:71:10:const T* tflite::micro::GetTensorData(const TfLiteEvalTensor*) [with T = signed char]	16	static
../edge-impulse-sdk/tensorflow/lite/micro/kernels/kernel_util.h:64:4:T* tflite::micro::GetTensorData(TfLiteEvalTensor*) [with T = signed char]	16	static
../edge-impulse-sdk/tensorflow/lite/kernels/internal/reference/scatter_nd.h:29:21:TfLiteStatus tflite::reference_ops::ScatterNd(const tflite::RuntimeShape&, const IndicesT*, const tflite::RuntimeShape&, const UpdatesT*, const tflite::RuntimeShape&, UpdatesT*) [with IndicesT = long int; UpdatesT = signed char]	120	static
../edge-impulse-sdk/tensorflow/lite/micro/kernels/kernel_util.h:64:4:T* tflite::micro::GetTensorData(TfLiteEvalTensor*) [with T = long int]	16	static
../edge-impulse-sdk/tensorflow/lite/kernels/internal/reference/scatter_nd.h:29:21:TfLiteStatus tflite::reference_ops::ScatterNd(const tflite::RuntimeShape&, const IndicesT*, const tflite::RuntimeShape&, const UpdatesT*, const tflite::RuntimeShape&, UpdatesT*) [with IndicesT = long int; UpdatesT = long int]	120	static
../edge-impulse-sdk/tensorflow/lite/micro/kernels/kernel_util.h:71:10:const T* tflite::micro::GetTensorData(const TfLiteEvalTensor*) [with T = long long int]	16	static
../edge-impulse-sdk/tensorflow/lite/micro/kernels/kernel_util.h:64:4:T* tflite::micro::GetTensorData(TfLiteEvalTensor*) [with T = long long int]	16	static
../edge-impulse-sdk/tensorflow/lite/kernels/internal/reference/scatter_nd.h:29:21:TfLiteStatus tflite::reference_ops::ScatterNd(const tflite::RuntimeShape&, const IndicesT*, const tflite::RuntimeShape&, const UpdatesT*, const tflite::RuntimeShape&, UpdatesT*) [with IndicesT = long int; UpdatesT = long long int]	128	static
C:\ST\STM32CubeIDE_2.1.0\STM32CubeIDE\plugins\com.st.stm32cube.ide.mcu.externaltools.gnu-tools-for-stm32.14.3.rel1.win32_1.0.100.202602081740\tools\bin/../lib/gcc/arm-none-eabi/14.3.1/../../../../arm-none-eabi/include/c++/14.3.1/bits/stl_vector.h:572:7:std::vector<_Tp, _Alloc>::vector(size_type, const value_type&, const allocator_type&) [with _Tp = int; _Alloc = std::allocator<int>]	32	static
C:\ST\STM32CubeIDE_2.1.0\STM32CubeIDE\plugins\com.st.stm32cube.ide.mcu.externaltools.gnu-tools-for-stm32.14.3.rel1.win32_1.0.100.202602081740\tools\bin/../lib/gcc/arm-none-eabi/14.3.1/../../../../arm-none-eabi/include/c++/14.3.1/bits/stl_vector.h:746:7:std::vector<_Tp, _Alloc>::~vector() [with _Tp = int; _Alloc = std::allocator<int>]	40	static
C:\ST\STM32CubeIDE_2.1.0\STM32CubeIDE\plugins\com.st.stm32cube.ide.mcu.externaltools.gnu-tools-for-stm32.14.3.rel1.win32_1.0.100.202602081740\tools\bin/../lib/gcc/arm-none-eabi/14.3.1/../../../../arm-none-eabi/include/c++/14.3.1/bits/stl_vector.h:1141:7:std::vector<_Tp, _Alloc>::reference std::vector<_Tp, _Alloc>::operator[](size_type) [with _Tp = int; _Alloc = std::allocator<int>]	16	static
C:\ST\STM32CubeIDE_2.1.0\STM32CubeIDE\plugins\com.st.stm32cube.ide.mcu.externaltools.gnu-tools-for-stm32.14.3.rel1.win32_1.0.100.202602081740\tools\arm-none-eabi\include\c++\14.3.1\bits\new_allocator.h:104:7:std::__new_allocator<_Tp>::~__new_allocator() [with _Tp = int]	16	static
C:\ST\STM32CubeIDE_2.1.0\STM32CubeIDE\plugins\com.st.stm32cube.ide.mcu.externaltools.gnu-tools-for-stm32.14.3.rel1.win32_1.0.100.202602081740\tools\bin/../lib/gcc/arm-none-eabi/14.3.1/../../../../arm-none-eabi/include/c++/14.3.1/bits/stl_vector.h:1938:7:static std::vector<_Tp, _Alloc>::size_type std::vector<_Tp, _Alloc>::_S_check_init_len(size_type, const allocator_type&) [with _Tp = int; _Alloc = std::allocator<int>]	40	static
C:\ST\STM32CubeIDE_2.1.0\STM32CubeIDE\plugins\com.st.stm32cube.ide.mcu.externaltools.gnu-tools-for-stm32.14.3.rel1.win32_1.0.100.202602081740\tools\bin/../lib/gcc/arm-none-eabi/14.3.1/../../../../arm-none-eabi/include/c++/14.3.1/bits/stl_vector.h:135:14:std::_Vector_base<int, std::allocator<int> >::_Vector_impl::~_Vector_impl()	24	static
C:\ST\STM32CubeIDE_2.1.0\STM32CubeIDE\plugins\com.st.stm32cube.ide.mcu.externaltools.gnu-tools-for-stm32.14.3.rel1.win32_1.0.100.202602081740\tools\bin/../lib/gcc/arm-none-eabi/14.3.1/../../../../arm-none-eabi/include/c++/14.3.1/bits/stl_vector.h:335:7:std::_Vector_base<_Tp, _Alloc>::_Vector_base(std::size_t, const allocator_type&) [with _Tp = int; _Alloc = std::allocator<int>]	24	static
C:\ST\STM32CubeIDE_2.1.0\STM32CubeIDE\plugins\com.st.stm32cube.ide.mcu.externaltools.gnu-tools-for-stm32.14.3.rel1.win32_1.0.100.202602081740\tools\bin/../lib/gcc/arm-none-eabi/14.3.1/../../../../arm-none-eabi/include/c++/14.3.1/bits/stl_vector.h:369:7:std::_Vector_base<_Tp, _Alloc>::~_Vector_base() [with _Tp = int; _Alloc = std::allocator<int>]	16	static
C:\ST\STM32CubeIDE_2.1.0\STM32CubeIDE\plugins\com.st.stm32cube.ide.mcu.externaltools.gnu-tools-for-stm32.14.3.rel1.win32_1.0.100.202602081740\tools\bin/../lib/gcc/arm-none-eabi/14.3.1/../../../../arm-none-eabi/include/c++/14.3.1/bits/stl_vector.h:1727:7:void std::vector<_Tp, _Alloc>::_M_fill_initialize(size_type, const value_type&) [with _Tp = int; _Alloc = std::allocator<int>]	32	static
C:\ST\STM32CubeIDE_2.1.0\STM32CubeIDE\plugins\com.st.stm32cube.ide.mcu.externaltools.gnu-tools-for-stm32.14.3.rel1.win32_1.0.100.202602081740\tools\bin/../lib/gcc/arm-none-eabi/14.3.1/../../../../arm-none-eabi/include/c++/14.3.1/bits/stl_vector.h:303:7:std::_Vector_base<_Tp, _Alloc>::_Tp_alloc_type& std::_Vector_base<_Tp, _Alloc>::_M_get_Tp_allocator() [with _Tp = int; _Alloc = std::allocator<int>]	16	static
C:\ST\STM32CubeIDE_2.1.0\STM32CubeIDE\plugins\com.st.stm32cube.ide.mcu.externaltools.gnu-tools-for-stm32.14.3.rel1.win32_1.0.100.202602081740\tools\bin/../lib/gcc/arm-none-eabi/14.3.1/../../../../arm-none-eabi/include/c++/14.3.1/bits/stl_vector.h:1947:7:static std::vector<_Tp, _Alloc>::size_type std::vector<_Tp, _Alloc>::_S_max_size(const _Tp_alloc_type&) [with _Tp = int; _Alloc = std::allocator<int>]	40	static
C:\ST\STM32CubeIDE_2.1.0\STM32CubeIDE\plugins\com.st.stm32cube.ide.mcu.externaltools.gnu-tools-for-stm32.14.3.rel1.win32_1.0.100.202602081740\tools\bin/../lib/gcc/arm-none-eabi/14.3.1/../../../../arm-none-eabi/include/c++/14.3.1/bits/stl_vector.h:148:2:std::_Vector_base<_Tp, _Alloc>::_Vector_impl::_Vector_impl(const std::_Vector_base<_Tp, _Alloc>::_Tp_alloc_type&) [with _Tp = int; _Alloc = std::allocator<int>]	32	static
C:\ST\STM32CubeIDE_2.1.0\STM32CubeIDE\plugins\com.st.stm32cube.ide.mcu.externaltools.gnu-tools-for-stm32.14.3.rel1.win32_1.0.100.202602081740\tools\bin/../lib/gcc/arm-none-eabi/14.3.1/../../../../arm-none-eabi/include/c++/14.3.1/bits/stl_vector.h:399:7:void std::_Vector_base<_Tp, _Alloc>::_M_create_storage(std::size_t) [with _Tp = int; _Alloc = std::allocator<int>]	16	static
C:\ST\STM32CubeIDE_2.1.0\STM32CubeIDE\plugins\com.st.stm32cube.ide.mcu.externaltools.gnu-tools-for-stm32.14.3.rel1.win32_1.0.100.202602081740\tools\bin/../lib/gcc/arm-none-eabi/14.3.1/../../../../arm-none-eabi/include/c++/14.3.1/bits/stl_vector.h:388:7:void std::_Vector_base<_Tp, _Alloc>::_M_deallocate(pointer, std::size_t) [with _Tp = int; _Alloc = std::allocator<int>]	40	static
C:\ST\STM32CubeIDE_2.1.0\STM32CubeIDE\plugins\com.st.stm32cube.ide.mcu.externaltools.gnu-tools-for-stm32.14.3.rel1.win32_1.0.100.202602081740\tools\arm-none-eabi\include\c++\14.3.1\bits\stl_uninitialized.h:465:5:_ForwardIterator std::__uninitialized_fill_n_a(_ForwardIterator, _Size, const _Tp&, allocator<_Tp2>&) [with _ForwardIterator = int*; _Size = unsigned int; _Tp = int; _Tp2 = int]	24	static
C:\ST\STM32CubeIDE_2.1.0\STM32CubeIDE\plugins\com.st.stm32cube.ide.mcu.externaltools.gnu-tools-for-stm32.14.3.rel1.win32_1.0.100.202602081740\tools\arm-none-eabi\include\c++\14.3.1\bits\stl_construct.h:182:5:void std::_Destroy(_ForwardIterator, _ForwardIterator) [with _ForwardIterator = int*]	16	static
C:\ST\STM32CubeIDE_2.1.0\STM32CubeIDE\plugins\com.st.stm32cube.ide.mcu.externaltools.gnu-tools-for-stm32.14.3.rel1.win32_1.0.100.202602081740\tools\bin/../lib/gcc/arm-none-eabi/14.3.1/../../../../arm-none-eabi/include/c++/14.3.1/bits/stl_vector.h:101:2:std::_Vector_base<_Tp, _Alloc>::_Vector_impl_data::_Vector_impl_data() [with _Tp = int; _Alloc = std::allocator<int>]	16	static
C:\ST\STM32CubeIDE_2.1.0\STM32CubeIDE\plugins\com.st.stm32cube.ide.mcu.externaltools.gnu-tools-for-stm32.14.3.rel1.win32_1.0.100.202602081740\tools\bin/../lib/gcc/arm-none-eabi/14.3.1/../../../../arm-none-eabi/include/c++/14.3.1/bits/stl_vector.h:380:7:std::_Vector_base<_Tp, _Alloc>::pointer std::_Vector_base<_Tp, _Alloc>::_M_allocate(std::size_t) [with _Tp = int; _Alloc = std::allocator<int>]	24	static
C:\ST\STM32CubeIDE_2.1.0\STM32CubeIDE\plugins\com.st.stm32cube.ide.mcu.externaltools.gnu-tools-for-stm32.14.3.rel1.win32_1.0.100.202602081740\tools\arm-none-eabi\include\c++\14.3.1\bits\stl_uninitialized.h:312:5:_ForwardIterator std::uninitialized_fill_n(_ForwardIterator, _Size, const _Tp&) [with _ForwardIterator = int*; _Size = unsigned int; _Tp = int]	32	static
C:\ST\STM32CubeIDE_2.1.0\STM32CubeIDE\plugins\com.st.stm32cube.ide.mcu.externaltools.gnu-tools-for-stm32.14.3.rel1.win32_1.0.100.202602081740\tools\arm-none-eabi\include\c++\14.3.1\bits\stl_construct.h:172:9:static void std::_Destroy_aux<true>::__destroy(_ForwardIterator, _ForwardIterator) [with _ForwardIterator = int*]	16	static
C:\ST\STM32CubeIDE_2.1.0\STM32CubeIDE\plugins\com.st.stm32cube.ide.mcu.externaltools.gnu-tools-for-stm32.14.3.rel1.win32_1.0.100.202602081740\tools\arm-none-eabi\include\c++\14.3.1\bits\new_allocator.h:156:7:void std::__new_allocator<_Tp>::deallocate(_Tp*, size_type) [with _Tp = int]	24	static
C:\ST\STM32CubeIDE_2.1.0\STM32CubeIDE\plugins\com.st.stm32cube.ide.mcu.externaltools.gnu-tools-for-stm32.14.3.rel1.win32_1.0.100.202602081740\tools\arm-none-eabi\include\c++\14.3.1\bits\stl_uninitialized.h:292:9:static _ForwardIterator std::__uninitialized_fill_n<true>::__uninit_fill_n(_ForwardIterator, _Size, const _Tp&) [with _ForwardIterator = int*; _Size = unsigned int; _Tp = int]	24	static
C:\ST\STM32CubeIDE_2.1.0\STM32CubeIDE\plugins\com.st.stm32cube.ide.mcu.externaltools.gnu-tools-for-stm32.14.3.rel1.win32_1.0.100.202602081740\tools\arm-none-eabi\include\c++\14.3.1\bits\new_allocator.h:126:7:_Tp* std::__new_allocator<_Tp>::allocate(size_type, const void*) [with _Tp = int]	32	static
C:\ST\STM32CubeIDE_2.1.0\STM32CubeIDE\plugins\com.st.stm32cube.ide.mcu.externaltools.gnu-tools-for-stm32.14.3.rel1.win32_1.0.100.202602081740\tools\arm-none-eabi\include\c++\14.3.1\bits\stl_algobase.h:1178:5:_OI std::fill_n(_OI, _Size, const _Tp&) [with _OI = int*; _Size = unsigned int; _Tp = int]	32	static
C:\ST\STM32CubeIDE_2.1.0\STM32CubeIDE\plugins\com.st.stm32cube.ide.mcu.externaltools.gnu-tools-for-stm32.14.3.rel1.win32_1.0.100.202602081740\tools\arm-none-eabi\include\c++\14.3.1\bits\stl_algobase.h:1143:5:_OutputIterator std::__fill_n_a(_OutputIterator, _Size, const _Tp&, random_access_iterator_tag) [with _OutputIterator = int*; _Size = unsigned int; _Tp = int]	24	static
C:\ST\STM32CubeIDE_2.1.0\STM32CubeIDE\plugins\com.st.stm32cube.ide.mcu.externaltools.gnu-tools-for-stm32.14.3.rel1.win32_1.0.100.202602081740\tools\arm-none-eabi\include\c++\14.3.1\bits\stl_algobase.h:997:5:void std::__fill_a(_FIte, _FIte, const _Tp&) [with _FIte = int*; _Tp = int]	24	static
C:\ST\STM32CubeIDE_2.1.0\STM32CubeIDE\plugins\com.st.stm32cube.ide.mcu.externaltools.gnu-tools-for-stm32.14.3.rel1.win32_1.0.100.202602081740\tools\arm-none-eabi\include\c++\14.3.1\bits\stl_algobase.h:947:5:typename __gnu_cxx::__enable_if<std::__is_scalar<_Tp>::__value, void>::__type std::__fill_a1(_ForwardIterator, _ForwardIterator, const _Tp&) [with _ForwardIterator = int*; _Tp = int]	32	static
