../edge-impulse-sdk/third_party/ruy/ruy/profiler/instrumentation.h:195:3:ruy::profiler::ScopeLabel::~ScopeLabel()	16	static
C:\ST\STM32CubeIDE_2.1.0\STM32CubeIDE\plugins\com.st.stm32cube.ide.mcu.externaltools.gnu-tools-for-stm32.14.3.rel1.win32_1.0.100.202602081740\tools\bin/../lib/gcc/arm-none-eabi/14.3.1/../../../../arm-none-eabi/include/c++/14.3.1/cmath:162:3:constexpr float std::ceil(float)	16	static
C:\ST\STM32CubeIDE_2.1.0\STM32CubeIDE\plugins\com.st.stm32cube.ide.mcu.externaltools.gnu-tools-for-stm32.14.3.rel1.win32_1.0.100.202602081740\tools\bin/../lib/gcc/arm-none-eabi/14.3.1/../../../../arm-none-eabi/include/c++/14.3.1/limits:1065:7:static constexpr int std::numeric_limits<int>::min()	4	static
C:\ST\STM32CubeIDE_2.1.0\STM32CubeIDE\plugins\com.st.stm32cube.ide.mcu.externaltools.gnu-tools-for-stm32.14.3.rel1.win32_1.0.100.202602081740\tools\bin/../lib/gcc/arm-none-eabi/14.3.1/../../../../arm-none-eabi/include/c++/14.3.1/limits:1068:7:static constexpr int std::numeric_limits<int>::max()	4	static
C:\ST\STM32CubeIDE_2.1.0\STM32CubeIDE\plugins\com.st.stm32cube.ide.mcu.externaltools.gnu-tools-for-stm32.14.3.rel1.win32_1.0.100.202602081740\tools\bin/../lib/gcc/arm-none-eabi/14.3.1/../../../../arm-none-eabi/include/c++/14.3.1/limits:1072:7:static constexpr int std::numeric_limits<int>::lowest()	8	static
../edge-impulse-sdk/tensorflow/lite/kernels/internal/runtime_shape.h:35:3:tflite::RuntimeShape::RuntimeShape()	16	static
../edge-impulse-sdk/tensorflow/lite/kernels/internal/runtime_shape.h:45:3:tflite::RuntimeShape::RuntimeShape(int, const int32_t*)	24	static
../edge-impulse-sdk/tensorflow/lite/kernels/internal/runtime_shape.h:56:3:tflite::RuntimeShape::~RuntimeShape()	16	static
../edge-impulse-sdk/tensorflow/lite/kernels/internal/runtime_shape.h:58:11:int32_t tflite::RuntimeShape::DimensionsCount() const	16	static
../edge-impulse-sdk/tensorflow/lite/kernels/internal/runtime_shape.h:59:11:int32_t tflite::RuntimeShape::Dims(int) const	16	static
../edge-impulse-sdk/tensorflow/lite/kernels/internal/runtime_shape.h:64:8:void tflite::RuntimeShape::SetDim(int, int32_t)	24	static
../edge-impulse-sdk/tensorflow/lite/kernels/internal/runtime_shape.h:70:23:static tflite::RuntimeShape tflite::RuntimeShape::ExtendedShape(int, const tflite::RuntimeShape&)	24	static
../edge-impulse-sdk/tensorflow/lite/kernels/internal/runtime_shape.h:74:12:int32_t* tflite::RuntimeShape::DimsData()	16	static
../edge-impulse-sdk/tensorflow/lite/kernels/internal/runtime_shape.h:75:18:const int32_t* tflite::RuntimeShape::DimsData() const	16	static
../edge-impulse-sdk/tensorflow/lite/kernels/internal/runtime_shape.h:78:8:void tflite::RuntimeShape::ReplaceWith(int, const int32_t*)	32	static
../edge-impulse-sdk/tensorflow/lite/kernels/internal/runtime_shape.h:99:3:tflite::RuntimeShape::RuntimeShape(int, const tflite::RuntimeShape&, int)	40	static
../edge-impulse-sdk/tensorflow/lite/kernels/internal/tensor_ctypes.h:34:21:tflite::RuntimeShape tflite::GetTensorShape(const TfLiteTensor*)	32	static
../edge-impulse-sdk/tensorflow/lite/kernels/internal/strided_slice_logic.h:29:12:int tflite::strided_slice::Clamp(int, int, int)	24	static
../edge-impulse-sdk/tensorflow/lite/kernels/internal/strided_slice_logic.h:36:13:void tflite::strided_slice::StridedSlicePadIndices(tflite::StridedSliceParams*, int)	32	static
../edge-impulse-sdk/tensorflow/lite/kernels/internal/strided_slice_logic.h:75:12:int tflite::strided_slice::StridedSliceStartForAxis(const tflite::StridedSliceParams&, const tflite::RuntimeShape&, int32_t)	40	static
../edge-impulse-sdk/tensorflow/lite/kernels/internal/strided_slice_logic.h:100:12:int tflite::strided_slice::StridedSliceEndForAxis(const tflite::StridedSliceParams&, const tflite::RuntimeShape&, int, int)	48	static
../edge-impulse-sdk/tensorflow/lite/kernels/internal/strided_slice_logic.h:138:12:int tflite::strided_slice::StartForAxis(const tflite::StridedSliceParams&, const tflite::RuntimeShape&, int)	48	static
../edge-impulse-sdk/tensorflow/lite/kernels/internal/strided_slice_logic.h:185:12:int tflite::strided_slice::StopForAxis(const tflite::StridedSliceParams&, const tflite::RuntimeShape&, int, int)	48	static
../edge-impulse-sdk/tensorflow/lite/kernels/kernel_util.h:150:12:int tflite::NumDimensions(const TfLiteTensor*)	16	static
../edge-impulse-sdk/tensorflow/lite/kernels/kernel_util.h:160:12:int tflite::NumInputs(const TfLiteNode*)	16	static
../edge-impulse-sdk/tensorflow/lite/kernels/kernel_util.h:163:12:int tflite::NumOutputs(const TfLiteNode*)	16	static
C:\ST\STM32CubeIDE_2.1.0\STM32CubeIDE\plugins\com.st.stm32cube.ide.mcu.externaltools.gnu-tools-for-stm32.14.3.rel1.win32_1.0.100.202602081740\tools\arm-none-eabi\include\c++\14.3.1\arm-none-eabi\thumb\v7e-m+fp\hard\bits\gthr-default.h:229:1:int __gthread_key_delete(__gthread_key_t)	16	static
../edge-impulse-sdk/tensorflow/lite/micro/micro_context.h:120:22:tflite::MicroContext* tflite::GetMicroContext(const TfLiteContext*)	16	static
../edge-impulse-sdk/tensorflow/lite/micro/kernels/strided_slice.cc:39:3:tflite::{anonymous}::StridedSliceContext::StridedSliceContext(TfLiteContext*, TfLiteNode*)	24	static
../edge-impulse-sdk/tensorflow/lite/micro/kernels/strided_slice.cc:49:3:tflite::{anonymous}::StridedSliceContext::~StridedSliceContext()	16	static
../edge-impulse-sdk/tensorflow/lite/micro/kernels/strided_slice.cc:70:28:tflite::StridedSliceParams tflite::{anonymous}::BuildStridedSliceParams(StridedSliceContext*)	24	static
../edge-impulse-sdk/tensorflow/lite/micro/kernels/strided_slice.cc:94:14:TfLiteStatus tflite::{anonymous}::CheckOutputSize(TfLiteContext*, StridedSliceContext*)	184	static
../edge-impulse-sdk/tensorflow/lite/micro/kernels/strided_slice.cc:129:7:void* tflite::{anonymous}::Init(TfLiteContext*, const char*, size_t)	24	static
../edge-impulse-sdk/tensorflow/lite/micro/kernels/strided_slice.cc:134:14:TfLiteStatus tflite::{anonymous}::Prepare(TfLiteContext*, TfLiteNode*)	160	static
../edge-impulse-sdk/tensorflow/lite/micro/kernels/strided_slice.cc:148:14:TfLiteStatus tflite::{anonymous}::Eval(TfLiteContext*, TfLiteNode*)	336	static
../edge-impulse-sdk/tensorflow/lite/micro/kernels/strided_slice.cc:246:20:TfLiteRegistration tflite::Register_STRIDED_SLICE()	24	static
../edge-impulse-sdk/tensorflow/lite/kernels/internal/tensor_ctypes.h:24:11:T* tflite::GetTensorData(TfLiteTensor*) [with T = long int]	16	static
../edge-impulse-sdk/tensorflow/lite/micro/kernels/kernel_util.h:71:10:const T* tflite::micro::GetTensorData(const TfLiteEvalTensor*) [with T = float]	16	static
../edge-impulse-sdk/tensorflow/lite/micro/kernels/kernel_util.h:64:4:T* tflite::micro::GetTensorData(TfLiteEvalTensor*) [with T = float]	16	static
../edge-impulse-sdk/tensorflow/lite/kernels/internal/reference/strided_slice.h:123:13:void tflite::reference_ops::StridedSlice(const tflite::StridedSliceParams&, const tflite::RuntimeShape&, const T*, const tflite::RuntimeShape&, T*) [with T = float]	32	static
../edge-impulse-sdk/tensorflow/lite/micro/kernels/kernel_util.h:71:10:const T* tflite::micro::GetTensorData(const TfLiteEvalTensor*) [with T = unsigned char]	16	static
../edge-impulse-sdk/tensorflow/lite/micro/kernels/kernel_util.h:64:4:T* tflite::micro::GetTensorData(TfLiteEvalTensor*) [with T = unsigned char]	16	static
../edge-impulse-sdk/tensorflow/lite/kernels/internal/reference/strided_slice.h:123:13:void tflite::reference_ops::StridedSlice(const tflite::StridedSliceParams&, const tflite::RuntimeShape&, const T*, const tflite::RuntimeShape&, T*) [with T = unsigned char]	32	static
../edge-impulse-sdk/tensorflow/lite/micro/kernels/kernel_util.h:71:10:const T* tflite::micro::GetTensorData(const TfLiteEvalTensor*) [with T = signed char]	16	static
../edge-impulse-sdk/tensorflow/lite/micro/kernels/kernel_util.h:64:4:T* tflite::micro::GetTensorData(TfLiteEvalTensor*) [with T = signed char]	16	static
../edge-impulse-sdk/tensorflow/lite/kernels/internal/reference/strided_slice.h:123:13:void tflite::reference_ops::StridedSlice(const tflite::StridedSliceParams&, const tflite::RuntimeShape&, const T*, const tflite::RuntimeShape&, T*) [with T = signed char]	32	static
../edge-impulse-sdk/tensorflow/lite/micro/kernels/kernel_util.h:71:10:const T* tflite::micro::GetTensorData(const TfLiteEvalTensor*) [with T = short int]	16	static
../edge-impulse-sdk/tensorflow/lite/micro/kernels/kernel_util.h:64:4:T* tflite::micro::GetTensorData(TfLiteEvalTensor*) [with T = short int]	16	static
../edge-impulse-sdk/tensorflow/lite/kernels/internal/reference/strided_slice.h:123:13:void tflite::reference_ops::StridedSlice(const tflite::StridedSliceParams&, const tflite::RuntimeShape&, const T*, const tflite::RuntimeShape&, T*) [with T = short int]	32	static
../edge-impulse-sdk/tensorflow/lite/micro/kernels/kernel_util.h:71:10:const T* tflite::micro::GetTensorData(const TfLiteEvalTensor*) [with T = long int]	16	static
../edge-impulse-sdk/tensorflow/lite/micro/kernels/kernel_util.h:64:4:T* tflite::micro::GetTensorData(TfLiteEvalTensor*) [with T = long int]	16	static
../edge-impulse-sdk/tensorflow/lite/kernels/internal/reference/strided_slice.h:123:13:void tflite::reference_ops::StridedSlice(const tflite::StridedSliceParams&, const tflite::RuntimeShape&, const T*, const tflite::RuntimeShape&, T*) [with T = long int]	32	static
../edge-impulse-sdk/tensorflow/lite/micro/kernels/kernel_util.h:71:10:const T* tflite::micro::GetTensorData(const TfLiteEvalTensor*) [with T = bool]	16	static
../edge-impulse-sdk/tensorflow/lite/micro/kernels/kernel_util.h:64:4:T* tflite::micro::GetTensorData(TfLiteEvalTensor*) [with T = bool]	16	static
../edge-impulse-sdk/tensorflow/lite/kernels/internal/reference/strided_slice.h:123:13:void tflite::reference_ops::StridedSlice(const tflite::StridedSliceParams&, const tflite::RuntimeShape&, const T*, const tflite::RuntimeShape&, T*) [with T = bool]	32	static
../edge-impulse-sdk/tensorflow/lite/kernels/internal/portable_tensor.h:106:3:tflite::SequentialTensorWriter<T>::SequentialTensorWriter(const T*, T*) [with T = float]	24	static
../edge-impulse-sdk/tensorflow/lite/kernels/internal/reference/strided_slice.h:71:13:tflite::reference_ops::StridedSlice<float>(const tflite::StridedSliceParams&, const tflite::RuntimeShape&, const tflite::RuntimeShape&, tflite::SequentialTensorWriter<float>*)::<lambda(int, int, int)>	24	static
../edge-impulse-sdk/tensorflow/lite/kernels/internal/reference/strided_slice.h:30:13:void tflite::reference_ops::StridedSlice(const tflite::StridedSliceParams&, const tflite::RuntimeShape&, const tflite::RuntimeShape&, tflite::SequentialTensorWriter<T>*) [with T = float]	248	static
../edge-impulse-sdk/tensorflow/lite/kernels/internal/portable_tensor.h:106:3:tflite::SequentialTensorWriter<T>::SequentialTensorWriter(const T*, T*) [with T = unsigned char]	24	static
../edge-impulse-sdk/tensorflow/lite/kernels/internal/reference/strided_slice.h:71:13:tflite::reference_ops::StridedSlice<unsigned char>(const tflite::StridedSliceParams&, const tflite::RuntimeShape&, const tflite::RuntimeShape&, tflite::SequentialTensorWriter<unsigned char>*)::<lambda(int, int, int)>	24	static
../edge-impulse-sdk/tensorflow/lite/kernels/internal/reference/strided_slice.h:30:13:void tflite::reference_ops::StridedSlice(const tflite::StridedSliceParams&, const tflite::RuntimeShape&, const tflite::RuntimeShape&, tflite::SequentialTensorWriter<T>*) [with T = unsigned char]	248	static
../edge-impulse-sdk/tensorflow/lite/kernels/internal/portable_tensor.h:106:3:tflite::SequentialTensorWriter<T>::SequentialTensorWriter(const T*, T*) [with T = signed char]	24	static
../edge-impulse-sdk/tensorflow/lite/kernels/internal/reference/strided_slice.h:71:13:tflite::reference_ops::StridedSlice<signed char>(const tflite::StridedSliceParams&, const tflite::RuntimeShape&, const tflite::RuntimeShape&, tflite::SequentialTensorWriter<signed char>*)::<lambda(int, int, int)>	24	static
../edge-impulse-sdk/tensorflow/lite/kernels/internal/reference/strided_slice.h:30:13:void tflite::reference_ops::StridedSlice(const tflite::StridedSliceParams&, const tflite::RuntimeShape&, const tflite::RuntimeShape&, tflite::SequentialTensorWriter<T>*) [with T = signed char]	248	static
../edge-impulse-sdk/tensorflow/lite/kernels/internal/portable_tensor.h:106:3:tflite::SequentialTensorWriter<T>::SequentialTensorWriter(const T*, T*) [with T = short int]	24	static
../edge-impulse-sdk/tensorflow/lite/kernels/internal/reference/strided_slice.h:71:13:tflite::reference_ops::StridedSlice<short int>(const tflite::StridedSliceParams&, const tflite::RuntimeShape&, const tflite::RuntimeShape&, tflite::SequentialTensorWriter<short int>*)::<lambda(int, int, int)>	24	static
../edge-impulse-sdk/tensorflow/lite/kernels/internal/reference/strided_slice.h:30:13:void tflite::reference_ops::StridedSlice(const tflite::StridedSliceParams&, const tflite::RuntimeShape&, const tflite::RuntimeShape&, tflite::SequentialTensorWriter<T>*) [with T = short int]	248	static
../edge-impulse-sdk/tensorflow/lite/kernels/internal/portable_tensor.h:106:3:tflite::SequentialTensorWriter<T>::SequentialTensorWriter(const T*, T*) [with T = long int]	24	static
../edge-impulse-sdk/tensorflow/lite/kernels/internal/reference/strided_slice.h:71:13:tflite::reference_ops::StridedSlice<long int>(const tflite::StridedSliceParams&, const tflite::RuntimeShape&, const tflite::RuntimeShape&, tflite::SequentialTensorWriter<long int>*)::<lambda(int, int, int)>	24	static
../edge-impulse-sdk/tensorflow/lite/kernels/internal/reference/strided_slice.h:30:13:void tflite::reference_ops::StridedSlice(const tflite::StridedSliceParams&, const tflite::RuntimeShape&, const tflite::RuntimeShape&, tflite::SequentialTensorWriter<T>*) [with T = long int]	248	static
../edge-impulse-sdk/tensorflow/lite/kernels/internal/portable_tensor.h:106:3:tflite::SequentialTensorWriter<T>::SequentialTensorWriter(const T*, T*) [with T = bool]	24	static
../edge-impulse-sdk/tensorflow/lite/kernels/internal/reference/strided_slice.h:71:13:tflite::reference_ops::StridedSlice<bool>(const tflite::StridedSliceParams&, const tflite::RuntimeShape&, const tflite::RuntimeShape&, tflite::SequentialTensorWriter<bool>*)::<lambda(int, int, int)>	24	static
../edge-impulse-sdk/tensorflow/lite/kernels/internal/reference/strided_slice.h:30:13:void tflite::reference_ops::StridedSlice(const tflite::StridedSliceParams&, const tflite::RuntimeShape&, const tflite::RuntimeShape&, tflite::SequentialTensorWriter<T>*) [with T = bool]	248	static
../edge-impulse-sdk/third_party/ruy/ruy/profiler/instrumentation.h:191:12:) [with Args = {const char*}]	16	static
../edge-impulse-sdk/tensorflow/lite/kernels/internal/portable_tensor.h:110:8:void tflite::SequentialTensorWriter<T>::WriteN(int, int) [with T = float]	24	static
../edge-impulse-sdk/tensorflow/lite/kernels/internal/portable_tensor.h:109:8:void tflite::SequentialTensorWriter<T>::Write(int) [with T = float]	16	static
../edge-impulse-sdk/tensorflow/lite/kernels/internal/portable_tensor.h:110:8:void tflite::SequentialTensorWriter<T>::WriteN(int, int) [with T = unsigned char]	24	static
../edge-impulse-sdk/tensorflow/lite/kernels/internal/portable_tensor.h:109:8:void tflite::SequentialTensorWriter<T>::Write(int) [with T = unsigned char]	16	static
../edge-impulse-sdk/tensorflow/lite/kernels/internal/portable_tensor.h:110:8:void tflite::SequentialTensorWriter<T>::WriteN(int, int) [with T = signed char]	24	static
../edge-impulse-sdk/tensorflow/lite/kernels/internal/portable_tensor.h:109:8:void tflite::SequentialTensorWriter<T>::Write(int) [with T = signed char]	16	static
../edge-impulse-sdk/tensorflow/lite/kernels/internal/portable_tensor.h:110:8:void tflite::SequentialTensorWriter<T>::WriteN(int, int) [with T = short int]	24	static
../edge-impulse-sdk/tensorflow/lite/kernels/internal/portable_tensor.h:109:8:void tflite::SequentialTensorWriter<T>::Write(int) [with T = short int]	16	static
../edge-impulse-sdk/tensorflow/lite/kernels/internal/portable_tensor.h:110:8:void tflite::SequentialTensorWriter<T>::WriteN(int, int) [with T = long int]	24	static
../edge-impulse-sdk/tensorflow/lite/kernels/internal/portable_tensor.h:109:8:void tflite::SequentialTensorWriter<T>::Write(int) [with T = long int]	16	static
../edge-impulse-sdk/tensorflow/lite/kernels/internal/portable_tensor.h:110:8:void tflite::SequentialTensorWriter<T>::WriteN(int, int) [with T = bool]	24	static
../edge-impulse-sdk/tensorflow/lite/kernels/internal/portable_tensor.h:109:8:void tflite::SequentialTensorWriter<T>::Write(int) [with T = bool]	16	static
