../edge-impulse-sdk/tensorflow/lite/kernels/kernel_util.h:160:12:int tflite::NumInputs(const TfLiteNode*)	16	static
../edge-impulse-sdk/tensorflow/lite/kernels/kernel_util.h:163:12:int tflite::NumOutputs(const TfLiteNode*)	16	static
../edge-impulse-sdk/tensorflow/lite/kernels/kernel_util.h:209:13:bool tflite::IsDynamicTensor(const TfLiteTensor*)	16	static
../edge-impulse-sdk/tensorflow/lite/kernels/internal/runtime_shape.h:56:3:tflite::RuntimeShape::~RuntimeShape()	16	static
../edge-impulse-sdk/tensorflow/lite/kernels/internal/runtime_shape.h:75:18:const int32_t* tflite::RuntimeShape::DimsData() const	16	static
../edge-impulse-sdk/tensorflow/lite/kernels/internal/runtime_shape.h:86:7:int tflite::RuntimeShape::FlatSize() const	32	static
C:\ST\STM32CubeIDE_2.1.0\STM32CubeIDE\plugins\com.st.stm32cube.ide.mcu.externaltools.gnu-tools-for-stm32.14.3.rel1.win32_1.0.100.202602081740\tools\arm-none-eabi\include\c++\14.3.1\arm-none-eabi\thumb\v7e-m+fp\hard\bits\gthr-default.h:229:1:int __gthread_key_delete(__gthread_key_t)	16	static
../edge-impulse-sdk/tensorflow/lite/micro/micro_context.h:120:22:tflite::MicroContext* tflite::GetMicroContext(const TfLiteContext*)	16	static
../edge-impulse-sdk/tensorflow/lite/micro/kernels/tile.cc:104:14:TfLiteStatus tflite::tile::EvalImpl(TfLiteContext*, const TfLiteEvalTensor*, const TfLiteEvalTensor*, TfLiteEvalTensor*)	56	static
../edge-impulse-sdk/tensorflow/lite/micro/kernels/tile.cc:133:14:TfLiteStatus tflite::tile::Prepare(TfLiteContext*, TfLiteNode*)	64	static
../edge-impulse-sdk/tensorflow/lite/micro/kernels/tile.cc:177:14:TfLiteStatus tflite::tile::Eval(TfLiteContext*, TfLiteNode*)	32	static
../edge-impulse-sdk/tensorflow/lite/micro/kernels/tile.cc:193:7:void* tflite::tile::Init(TfLiteContext*, const char*, size_t)	24	static
../edge-impulse-sdk/tensorflow/lite/micro/kernels/tile.cc:200:20:TfLiteRegistration tflite::Register_TILE()	24	static
../edge-impulse-sdk/tensorflow/lite/micro/kernels/tile.cc:83:6:void tflite::tile::{anonymous}::Tile(const TfLiteIntArray&, const TfLiteEvalTensor*, const TfLiteEvalTensor*, TfLiteEvalTensor*) [with T = signed char]	56	static
../edge-impulse-sdk/tensorflow/lite/micro/kernels/tile.cc:83:6:void tflite::tile::{anonymous}::Tile(const TfLiteIntArray&, const TfLiteEvalTensor*, const TfLiteEvalTensor*, TfLiteEvalTensor*) [with T = long int]	56	static
../edge-impulse-sdk/tensorflow/lite/micro/kernels/tile.cc:83:6:void tflite::tile::{anonymous}::Tile(const TfLiteIntArray&, const TfLiteEvalTensor*, const TfLiteEvalTensor*, TfLiteEvalTensor*) [with T = long long int]	56	static
../edge-impulse-sdk/tensorflow/lite/micro/kernels/tile.cc:83:6:void tflite::tile::{anonymous}::Tile(const TfLiteIntArray&, const TfLiteEvalTensor*, const TfLiteEvalTensor*, TfLiteEvalTensor*) [with T = bool]	56	static
../edge-impulse-sdk/tensorflow/lite/micro/kernels/kernel_util.h:71:10:const T* tflite::micro::GetTensorData(const TfLiteEvalTensor*) [with T = signed char]	16	static
../edge-impulse-sdk/tensorflow/lite/micro/kernels/kernel_util.h:71:10:const T* tflite::micro::GetTensorData(const TfLiteEvalTensor*) [with T = long int]	16	static
../edge-impulse-sdk/tensorflow/lite/micro/kernels/kernel_util.h:64:4:T* tflite::micro::GetTensorData(TfLiteEvalTensor*) [with T = signed char]	16	static
../edge-impulse-sdk/tensorflow/lite/micro/kernels/tile.cc:43:21:std::pair<int, int> tflite::tile::{anonymous}::TileOneDimension(const TfLiteIntArray&, const T*, const M*, T*, int) [with T = signed char; M = long int]	96	static
../edge-impulse-sdk/tensorflow/lite/micro/kernels/kernel_util.h:71:10:const T* tflite::micro::GetTensorData(const TfLiteEvalTensor*) [with T = long long int]	16	static
../edge-impulse-sdk/tensorflow/lite/micro/kernels/tile.cc:43:21:std::pair<int, int> tflite::tile::{anonymous}::TileOneDimension(const TfLiteIntArray&, const T*, const M*, T*, int) [with T = signed char; M = long long int]	104	static
../edge-impulse-sdk/tensorflow/lite/micro/kernels/kernel_util.h:64:4:T* tflite::micro::GetTensorData(TfLiteEvalTensor*) [with T = long int]	16	static
../edge-impulse-sdk/tensorflow/lite/micro/kernels/tile.cc:43:21:std::pair<int, int> tflite::tile::{anonymous}::TileOneDimension(const TfLiteIntArray&, const T*, const M*, T*, int) [with T = long int; M = long int]	96	static
../edge-impulse-sdk/tensorflow/lite/micro/kernels/tile.cc:43:21:std::pair<int, int> tflite::tile::{anonymous}::TileOneDimension(const TfLiteIntArray&, const T*, const M*, T*, int) [with T = long int; M = long long int]	104	static
../edge-impulse-sdk/tensorflow/lite/micro/kernels/kernel_util.h:64:4:T* tflite::micro::GetTensorData(TfLiteEvalTensor*) [with T = long long int]	16	static
../edge-impulse-sdk/tensorflow/lite/micro/kernels/tile.cc:43:21:std::pair<int, int> tflite::tile::{anonymous}::TileOneDimension(const TfLiteIntArray&, const T*, const M*, T*, int) [with T = long long int; M = long int]	96	static
../edge-impulse-sdk/tensorflow/lite/micro/kernels/tile.cc:43:21:std::pair<int, int> tflite::tile::{anonymous}::TileOneDimension(const TfLiteIntArray&, const T*, const M*, T*, int) [with T = long long int; M = long long int]	104	static
../edge-impulse-sdk/tensorflow/lite/micro/kernels/kernel_util.h:71:10:const T* tflite::micro::GetTensorData(const TfLiteEvalTensor*) [with T = bool]	16	static
../edge-impulse-sdk/tensorflow/lite/micro/kernels/kernel_util.h:64:4:T* tflite::micro::GetTensorData(TfLiteEvalTensor*) [with T = bool]	16	static
../edge-impulse-sdk/tensorflow/lite/micro/kernels/tile.cc:43:21:std::pair<int, int> tflite::tile::{anonymous}::TileOneDimension(const TfLiteIntArray&, const T*, const M*, T*, int) [with T = bool; M = long int]	96	static
../edge-impulse-sdk/tensorflow/lite/micro/kernels/tile.cc:43:21:std::pair<int, int> tflite::tile::{anonymous}::TileOneDimension(const TfLiteIntArray&, const T*, const M*, T*, int) [with T = bool; M = long long int]	104	static
C:\ST\STM32CubeIDE_2.1.0\STM32CubeIDE\plugins\com.st.stm32cube.ide.mcu.externaltools.gnu-tools-for-stm32.14.3.rel1.win32_1.0.100.202602081740\tools\bin/../lib/gcc/arm-none-eabi/14.3.1/../../../../arm-none-eabi/include/c++/14.3.1/bits/stl_pair.h:1132:5:constexpr std::pair<typename std::__strip_reference_wrapper<typename std::decay<_Tp>::type>::__type, typename std::__strip_reference_wrapper<typename std::decay<_Tp2>::type>::__type> std::make_pair(_T1&&, _T2&&) [with _T1 = int; _T2 = int]	32	static
../edge-impulse-sdk/tensorflow/lite/micro/kernels/tile.cc:32:6:void tflite::tile::{anonymous}::CopyMultipleTimes(const T*, int32_t, M, T*) [with T = signed char; M = long int]	40	static
C:\ST\STM32CubeIDE_2.1.0\STM32CubeIDE\plugins\com.st.stm32cube.ide.mcu.externaltools.gnu-tools-for-stm32.14.3.rel1.win32_1.0.100.202602081740\tools\bin/../lib/gcc/arm-none-eabi/14.3.1/../../../../arm-none-eabi/include/c++/14.3.1/bits/stl_pair.h:1132:5:constexpr std::pair<typename std::__strip_reference_wrapper<typename std::decay<_Tp>::type>::__type, typename std::__strip_reference_wrapper<typename std::decay<_Tp2>::type>::__type> std::make_pair(_T1&&, _T2&&) [with _T1 = const int&; _T2 = int]	32	static
C:\ST\STM32CubeIDE_2.1.0\STM32CubeIDE\plugins\com.st.stm32cube.ide.mcu.externaltools.gnu-tools-for-stm32.14.3.rel1.win32_1.0.100.202602081740\tools\bin/../lib/gcc/arm-none-eabi/14.3.1/../../../../arm-none-eabi/include/c++/14.3.1/tuple:2793:5:) [with _Elements = {int, int}]	24	static
C:\ST\STM32CubeIDE_2.1.0\STM32CubeIDE\plugins\com.st.stm32cube.ide.mcu.externaltools.gnu-tools-for-stm32.14.3.rel1.win32_1.0.100.202602081740\tools\bin/../lib/gcc/arm-none-eabi/14.3.1/../../../../arm-none-eabi/include/c++/14.3.1/tuple:2388:2:std::__enable_if_t<((bool)__assignable<_U1, _U2>()), std::tuple<_T1, _T2>&> std::tuple<_T1, _T2>::operator=(std::pair<_U1, _U2>&&) [with _U1 = int; _U2 = int; _T1 = int&; _T2 = int&]	24	static
C:\ST\STM32CubeIDE_2.1.0\STM32CubeIDE\plugins\com.st.stm32cube.ide.mcu.externaltools.gnu-tools-for-stm32.14.3.rel1.win32_1.0.100.202602081740\tools\bin/../lib/gcc/arm-none-eabi/14.3.1/../../../../arm-none-eabi/include/c++/14.3.1/bits/stl_pair.h:1132:5:constexpr std::pair<typename std::__strip_reference_wrapper<typename std::decay<_Tp>::type>::__type, typename std::__strip_reference_wrapper<typename std::decay<_Tp2>::type>::__type> std::make_pair(_T1&&, _T2&&) [with _T1 = int&; _T2 = int]	32	static
../edge-impulse-sdk/tensorflow/lite/micro/kernels/tile.cc:32:6:void tflite::tile::{anonymous}::CopyMultipleTimes(const T*, int32_t, M, T*) [with T = signed char; M = long long int]	48	static
../edge-impulse-sdk/tensorflow/lite/micro/kernels/tile.cc:32:6:void tflite::tile::{anonymous}::CopyMultipleTimes(const T*, int32_t, M, T*) [with T = long int; M = long int]	40	static
../edge-impulse-sdk/tensorflow/lite/micro/kernels/tile.cc:32:6:void tflite::tile::{anonymous}::CopyMultipleTimes(const T*, int32_t, M, T*) [with T = long int; M = long long int]	48	static
../edge-impulse-sdk/tensorflow/lite/micro/kernels/tile.cc:32:6:void tflite::tile::{anonymous}::CopyMultipleTimes(const T*, int32_t, M, T*) [with T = long long int; M = long int]	40	static
../edge-impulse-sdk/tensorflow/lite/micro/kernels/tile.cc:32:6:void tflite::tile::{anonymous}::CopyMultipleTimes(const T*, int32_t, M, T*) [with T = long long int; M = long long int]	48	static
../edge-impulse-sdk/tensorflow/lite/micro/kernels/tile.cc:32:6:void tflite::tile::{anonymous}::CopyMultipleTimes(const T*, int32_t, M, T*) [with T = bool; M = long int]	40	static
../edge-impulse-sdk/tensorflow/lite/micro/kernels/tile.cc:32:6:void tflite::tile::{anonymous}::CopyMultipleTimes(const T*, int32_t, M, T*) [with T = bool; M = long long int]	48	static
C:\ST\STM32CubeIDE_2.1.0\STM32CubeIDE\plugins\com.st.stm32cube.ide.mcu.externaltools.gnu-tools-for-stm32.14.3.rel1.win32_1.0.100.202602081740\tools\bin/../lib/gcc/arm-none-eabi/14.3.1/../../../../arm-none-eabi/include/c++/14.3.1/bits/move.h:71:5:constexpr _Tp&& std::forward(typename remove_reference<_Functor>::type&) [with _Tp = int]	16	static
C:\ST\STM32CubeIDE_2.1.0\STM32CubeIDE\plugins\com.st.stm32cube.ide.mcu.externaltools.gnu-tools-for-stm32.14.3.rel1.win32_1.0.100.202602081740\tools\bin/../lib/gcc/arm-none-eabi/14.3.1/../../../../arm-none-eabi/include/c++/14.3.1/bits/stl_pair.h:881:12:constexpr std::pair<_T1, _T2>::pair(_U1&&, _U2&&) [with _U1 = int; _U2 = int; typename std::enable_if<(std::_PCC<true, _T1, _T2>::_MoveConstructiblePair<_U1, _U2>() && std::_PCC<true, _T1, _T2>::_ImplicitlyMoveConvertiblePair<_U1, _U2>()), bool>::type <anonymous> = true; _T1 = int; _T2 = int]	24	static
C:\ST\STM32CubeIDE_2.1.0\STM32CubeIDE\plugins\com.st.stm32cube.ide.mcu.externaltools.gnu-tools-for-stm32.14.3.rel1.win32_1.0.100.202602081740\tools\arm-none-eabi\include\c++\14.3.1\bits\stl_algobase.h:642:5:_OI std::copy(_II, _II, _OI) [with _II = const signed char*; _OI = signed char*]	32	static
C:\ST\STM32CubeIDE_2.1.0\STM32CubeIDE\plugins\com.st.stm32cube.ide.mcu.externaltools.gnu-tools-for-stm32.14.3.rel1.win32_1.0.100.202602081740\tools\bin/../lib/gcc/arm-none-eabi/14.3.1/../../../../arm-none-eabi/include/c++/14.3.1/bits/move.h:71:5:constexpr _Tp&& std::forward(typename remove_reference<_Functor>::type&) [with _Tp = const int&]	16	static
C:\ST\STM32CubeIDE_2.1.0\STM32CubeIDE\plugins\com.st.stm32cube.ide.mcu.externaltools.gnu-tools-for-stm32.14.3.rel1.win32_1.0.100.202602081740\tools\bin/../lib/gcc/arm-none-eabi/14.3.1/../../../../arm-none-eabi/include/c++/14.3.1/bits/stl_pair.h:881:12:constexpr std::pair<_T1, _T2>::pair(_U1&&, _U2&&) [with _U1 = const int&; _U2 = int; typename std::enable_if<(std::_PCC<true, _T1, _T2>::_MoveConstructiblePair<_U1, _U2>() && std::_PCC<true, _T1, _T2>::_ImplicitlyMoveConvertiblePair<_U1, _U2>()), bool>::type <anonymous> = true; _T1 = int; _T2 = int]	24	static
C:\ST\STM32CubeIDE_2.1.0\STM32CubeIDE\plugins\com.st.stm32cube.ide.mcu.externaltools.gnu-tools-for-stm32.14.3.rel1.win32_1.0.100.202602081740\tools\bin/../lib/gcc/arm-none-eabi/14.3.1/../../../../arm-none-eabi/include/c++/14.3.1/tuple:2107:2:constexpr std::tuple<_T1, _T2>::tuple(const _T1&, const _T2&) [with bool _Dummy = true; typename std::enable_if<std::_TupleConstraints<_Dummy, _T1, _T2>::__is_implicitly_constructible<const _T1&, const _T2&>(), bool>::type <anonymous> = true; _T1 = int&; _T2 = int&]	24	static
C:\ST\STM32CubeIDE_2.1.0\STM32CubeIDE\plugins\com.st.stm32cube.ide.mcu.externaltools.gnu-tools-for-stm32.14.3.rel1.win32_1.0.100.202602081740\tools\bin/../lib/gcc/arm-none-eabi/14.3.1/../../../../arm-none-eabi/include/c++/14.3.1/tuple:294:7:>&) [with unsigned int _Idx = 0; _Head = int&; _Tail = {int&}]	16	static
C:\ST\STM32CubeIDE_2.1.0\STM32CubeIDE\plugins\com.st.stm32cube.ide.mcu.externaltools.gnu-tools-for-stm32.14.3.rel1.win32_1.0.100.202602081740\tools\bin/../lib/gcc/arm-none-eabi/14.3.1/../../../../arm-none-eabi/include/c++/14.3.1/tuple:300:7:>&) [with unsigned int _Idx = 0; _Head = int&; _Tail = {int&}]	16	static
C:\ST\STM32CubeIDE_2.1.0\STM32CubeIDE\plugins\com.st.stm32cube.ide.mcu.externaltools.gnu-tools-for-stm32.14.3.rel1.win32_1.0.100.202602081740\tools\bin/../lib/gcc/arm-none-eabi/14.3.1/../../../../arm-none-eabi/include/c++/14.3.1/tuple:557:7:static constexpr _Head& std::_Tuple_impl<_Idx, _Head>::_M_head(std::_Tuple_impl<_Idx, _Head>&) [with unsigned int _Idx = 1; _Head = int&]	16	static
C:\ST\STM32CubeIDE_2.1.0\STM32CubeIDE\plugins\com.st.stm32cube.ide.mcu.externaltools.gnu-tools-for-stm32.14.3.rel1.win32_1.0.100.202602081740\tools\bin/../lib/gcc/arm-none-eabi/14.3.1/../../../../arm-none-eabi/include/c++/14.3.1/bits/move.h:71:5:constexpr _Tp&& std::forward(typename remove_reference<_Functor>::type&) [with _Tp = int&]	16	static
C:\ST\STM32CubeIDE_2.1.0\STM32CubeIDE\plugins\com.st.stm32cube.ide.mcu.externaltools.gnu-tools-for-stm32.14.3.rel1.win32_1.0.100.202602081740\tools\bin/../lib/gcc/arm-none-eabi/14.3.1/../../../../arm-none-eabi/include/c++/14.3.1/bits/stl_pair.h:881:12:constexpr std::pair<_T1, _T2>::pair(_U1&&, _U2&&) [with _U1 = int&; _U2 = int; typename std::enable_if<(std::_PCC<true, _T1, _T2>::_MoveConstructiblePair<_U1, _U2>() && std::_PCC<true, _T1, _T2>::_ImplicitlyMoveConvertiblePair<_U1, _U2>()), bool>::type <anonymous> = true; _T1 = int; _T2 = int]	24	static
C:\ST\STM32CubeIDE_2.1.0\STM32CubeIDE\plugins\com.st.stm32cube.ide.mcu.externaltools.gnu-tools-for-stm32.14.3.rel1.win32_1.0.100.202602081740\tools\arm-none-eabi\include\c++\14.3.1\bits\stl_algobase.h:642:5:_OI std::copy(_II, _II, _OI) [with _II = const long int*; _OI = long int*]	32	static
C:\ST\STM32CubeIDE_2.1.0\STM32CubeIDE\plugins\com.st.stm32cube.ide.mcu.externaltools.gnu-tools-for-stm32.14.3.rel1.win32_1.0.100.202602081740\tools\arm-none-eabi\include\c++\14.3.1\bits\stl_algobase.h:642:5:_OI std::copy(_II, _II, _OI) [with _II = const long long int*; _OI = long long int*]	32	static
C:\ST\STM32CubeIDE_2.1.0\STM32CubeIDE\plugins\com.st.stm32cube.ide.mcu.externaltools.gnu-tools-for-stm32.14.3.rel1.win32_1.0.100.202602081740\tools\arm-none-eabi\include\c++\14.3.1\bits\stl_algobase.h:642:5:_OI std::copy(_II, _II, _OI) [with _II = const bool*; _OI = bool*]	32	static
C:\ST\STM32CubeIDE_2.1.0\STM32CubeIDE\plugins\com.st.stm32cube.ide.mcu.externaltools.gnu-tools-for-stm32.14.3.rel1.win32_1.0.100.202602081740\tools\arm-none-eabi\include\c++\14.3.1\bits\cpp_type_traits.h:608:5:_Iterator std::__miter_base(_Iterator) [with _Iterator = const signed char*]	16	static
C:\ST\STM32CubeIDE_2.1.0\STM32CubeIDE\plugins\com.st.stm32cube.ide.mcu.externaltools.gnu-tools-for-stm32.14.3.rel1.win32_1.0.100.202602081740\tools\arm-none-eabi\include\c++\14.3.1\bits\stl_algobase.h:553:5:_OI std::__copy_move_a(_II, _II, _OI) [with bool _IsMove = false; _II = const signed char*; _OI = signed char*]	32	static
C:\ST\STM32CubeIDE_2.1.0\STM32CubeIDE\plugins\com.st.stm32cube.ide.mcu.externaltools.gnu-tools-for-stm32.14.3.rel1.win32_1.0.100.202602081740\tools\bin/../lib/gcc/arm-none-eabi/14.3.1/../../../../arm-none-eabi/include/c++/14.3.1/tuple:309:7:) [with unsigned int _Idx = 0; _Head = int&; _Tail = {int&}]	24	static
C:\ST\STM32CubeIDE_2.1.0\STM32CubeIDE\plugins\com.st.stm32cube.ide.mcu.externaltools.gnu-tools-for-stm32.14.3.rel1.win32_1.0.100.202602081740\tools\bin/../lib/gcc/arm-none-eabi/14.3.1/../../../../arm-none-eabi/include/c++/14.3.1/tuple:243:7:static constexpr _Head& std::_Head_base<_Idx, _Head, false>::_M_head(std::_Head_base<_Idx, _Head, false>&) [with unsigned int _Idx = 0; _Head = int&]	16	static
C:\ST\STM32CubeIDE_2.1.0\STM32CubeIDE\plugins\com.st.stm32cube.ide.mcu.externaltools.gnu-tools-for-stm32.14.3.rel1.win32_1.0.100.202602081740\tools\bin/../lib/gcc/arm-none-eabi/14.3.1/../../../../arm-none-eabi/include/c++/14.3.1/tuple:243:7:static constexpr _Head& std::_Head_base<_Idx, _Head, false>::_M_head(std::_Head_base<_Idx, _Head, false>&) [with unsigned int _Idx = 1; _Head = int&]	16	static
C:\ST\STM32CubeIDE_2.1.0\STM32CubeIDE\plugins\com.st.stm32cube.ide.mcu.externaltools.gnu-tools-for-stm32.14.3.rel1.win32_1.0.100.202602081740\tools\arm-none-eabi\include\c++\14.3.1\bits\cpp_type_traits.h:608:5:_Iterator std::__miter_base(_Iterator) [with _Iterator = const long int*]	16	static
C:\ST\STM32CubeIDE_2.1.0\STM32CubeIDE\plugins\com.st.stm32cube.ide.mcu.externaltools.gnu-tools-for-stm32.14.3.rel1.win32_1.0.100.202602081740\tools\arm-none-eabi\include\c++\14.3.1\bits\stl_algobase.h:553:5:_OI std::__copy_move_a(_II, _II, _OI) [with bool _IsMove = false; _II = const long int*; _OI = long int*]	32	static
C:\ST\STM32CubeIDE_2.1.0\STM32CubeIDE\plugins\com.st.stm32cube.ide.mcu.externaltools.gnu-tools-for-stm32.14.3.rel1.win32_1.0.100.202602081740\tools\arm-none-eabi\include\c++\14.3.1\bits\cpp_type_traits.h:608:5:_Iterator std::__miter_base(_Iterator) [with _Iterator = const long long int*]	16	static
C:\ST\STM32CubeIDE_2.1.0\STM32CubeIDE\plugins\com.st.stm32cube.ide.mcu.externaltools.gnu-tools-for-stm32.14.3.rel1.win32_1.0.100.202602081740\tools\arm-none-eabi\include\c++\14.3.1\bits\stl_algobase.h:553:5:_OI std::__copy_move_a(_II, _II, _OI) [with bool _IsMove = false; _II = const long long int*; _OI = long long int*]	32	static
C:\ST\STM32CubeIDE_2.1.0\STM32CubeIDE\plugins\com.st.stm32cube.ide.mcu.externaltools.gnu-tools-for-stm32.14.3.rel1.win32_1.0.100.202602081740\tools\arm-none-eabi\include\c++\14.3.1\bits\cpp_type_traits.h:608:5:_Iterator std::__miter_base(_Iterator) [with _Iterator = const bool*]	16	static
C:\ST\STM32CubeIDE_2.1.0\STM32CubeIDE\plugins\com.st.stm32cube.ide.mcu.externaltools.gnu-tools-for-stm32.14.3.rel1.win32_1.0.100.202602081740\tools\arm-none-eabi\include\c++\14.3.1\bits\stl_algobase.h:553:5:_OI std::__copy_move_a(_II, _II, _OI) [with bool _IsMove = false; _II = const bool*; _OI = bool*]	32	static
C:\ST\STM32CubeIDE_2.1.0\STM32CubeIDE\plugins\com.st.stm32cube.ide.mcu.externaltools.gnu-tools-for-stm32.14.3.rel1.win32_1.0.100.202602081740\tools\arm-none-eabi\include\c++\14.3.1\bits\stl_algobase.h:316:5:_Iterator std::__niter_base(_Iterator) [with _Iterator = const signed char*]	16	static
C:\ST\STM32CubeIDE_2.1.0\STM32CubeIDE\plugins\com.st.stm32cube.ide.mcu.externaltools.gnu-tools-for-stm32.14.3.rel1.win32_1.0.100.202602081740\tools\arm-none-eabi\include\c++\14.3.1\bits\stl_algobase.h:316:5:_Iterator std::__niter_base(_Iterator) [with _Iterator = signed char*]	16	static
C:\ST\STM32CubeIDE_2.1.0\STM32CubeIDE\plugins\com.st.stm32cube.ide.mcu.externaltools.gnu-tools-for-stm32.14.3.rel1.win32_1.0.100.202602081740\tools\arm-none-eabi\include\c++\14.3.1\bits\stl_algobase.h:547:5:_OI std::__copy_move_a1(_II, _II, _OI) [with bool _IsMove = false; _II = const signed char*; _OI = signed char*]	24	static
C:\ST\STM32CubeIDE_2.1.0\STM32CubeIDE\plugins\com.st.stm32cube.ide.mcu.externaltools.gnu-tools-for-stm32.14.3.rel1.win32_1.0.100.202602081740\tools\arm-none-eabi\include\c++\14.3.1\bits\stl_algobase.h:353:5:_Iterator std::__niter_wrap(const _Iterator&, _Iterator) [with _Iterator = signed char*]	16	static
C:\ST\STM32CubeIDE_2.1.0\STM32CubeIDE\plugins\com.st.stm32cube.ide.mcu.externaltools.gnu-tools-for-stm32.14.3.rel1.win32_1.0.100.202602081740\tools\bin/../lib/gcc/arm-none-eabi/14.3.1/../../../../arm-none-eabi/include/c++/14.3.1/tuple:567:7:constexpr std::_Tuple_impl<_Idx, _Head>::_Tuple_impl(const _Head&) [with unsigned int _Idx = 1; _Head = int&]	16	static
C:\ST\STM32CubeIDE_2.1.0\STM32CubeIDE\plugins\com.st.stm32cube.ide.mcu.externaltools.gnu-tools-for-stm32.14.3.rel1.win32_1.0.100.202602081740\tools\bin/../lib/gcc/arm-none-eabi/14.3.1/../../../../arm-none-eabi/include/c++/14.3.1/tuple:202:17:constexpr std::_Head_base<_Idx, _Head, false>::_Head_base(const _Head&) [with unsigned int _Idx = 0; _Head = int&]	16	static
C:\ST\STM32CubeIDE_2.1.0\STM32CubeIDE\plugins\com.st.stm32cube.ide.mcu.externaltools.gnu-tools-for-stm32.14.3.rel1.win32_1.0.100.202602081740\tools\arm-none-eabi\include\c++\14.3.1\bits\stl_algobase.h:316:5:_Iterator std::__niter_base(_Iterator) [with _Iterator = const long int*]	16	static
C:\ST\STM32CubeIDE_2.1.0\STM32CubeIDE\plugins\com.st.stm32cube.ide.mcu.externaltools.gnu-tools-for-stm32.14.3.rel1.win32_1.0.100.202602081740\tools\arm-none-eabi\include\c++\14.3.1\bits\stl_algobase.h:316:5:_Iterator std::__niter_base(_Iterator) [with _Iterator = long int*]	16	static
C:\ST\STM32CubeIDE_2.1.0\STM32CubeIDE\plugins\com.st.stm32cube.ide.mcu.externaltools.gnu-tools-for-stm32.14.3.rel1.win32_1.0.100.202602081740\tools\arm-none-eabi\include\c++\14.3.1\bits\stl_algobase.h:547:5:_OI std::__copy_move_a1(_II, _II, _OI) [with bool _IsMove = false; _II = const long int*; _OI = long int*]	24	static
C:\ST\STM32CubeIDE_2.1.0\STM32CubeIDE\plugins\com.st.stm32cube.ide.mcu.externaltools.gnu-tools-for-stm32.14.3.rel1.win32_1.0.100.202602081740\tools\arm-none-eabi\include\c++\14.3.1\bits\stl_algobase.h:353:5:_Iterator std::__niter_wrap(const _Iterator&, _Iterator) [with _Iterator = long int*]	16	static
C:\ST\STM32CubeIDE_2.1.0\STM32CubeIDE\plugins\com.st.stm32cube.ide.mcu.externaltools.gnu-tools-for-stm32.14.3.rel1.win32_1.0.100.202602081740\tools\arm-none-eabi\include\c++\14.3.1\bits\stl_algobase.h:316:5:_Iterator std::__niter_base(_Iterator) [with _Iterator = const long long int*]	16	static
C:\ST\STM32CubeIDE_2.1.0\STM32CubeIDE\plugins\com.st.stm32cube.ide.mcu.externaltools.gnu-tools-for-stm32.14.3.rel1.win32_1.0.100.202602081740\tools\arm-none-eabi\include\c++\14.3.1\bits\stl_algobase.h:316:5:_Iterator std::__niter_base(_Iterator) [with _Iterator = long long int*]	16	static
C:\ST\STM32CubeIDE_2.1.0\STM32CubeIDE\plugins\com.st.stm32cube.ide.mcu.externaltools.gnu-tools-for-stm32.14.3.rel1.win32_1.0.100.202602081740\tools\arm-none-eabi\include\c++\14.3.1\bits\stl_algobase.h:547:5:_OI std::__copy_move_a1(_II, _II, _OI) [with bool _IsMove = false; _II = const long long int*; _OI = long long int*]	24	static
C:\ST\STM32CubeIDE_2.1.0\STM32CubeIDE\plugins\com.st.stm32cube.ide.mcu.externaltools.gnu-tools-for-stm32.14.3.rel1.win32_1.0.100.202602081740\tools\arm-none-eabi\include\c++\14.3.1\bits\stl_algobase.h:353:5:_Iterator std::__niter_wrap(const _Iterator&, _Iterator) [with _Iterator = long long int*]	16	static
C:\ST\STM32CubeIDE_2.1.0\STM32CubeIDE\plugins\com.st.stm32cube.ide.mcu.externaltools.gnu-tools-for-stm32.14.3.rel1.win32_1.0.100.202602081740\tools\arm-none-eabi\include\c++\14.3.1\bits\stl_algobase.h:316:5:_Iterator std::__niter_base(_Iterator) [with _Iterator = const bool*]	16	static
C:\ST\STM32CubeIDE_2.1.0\STM32CubeIDE\plugins\com.st.stm32cube.ide.mcu.externaltools.gnu-tools-for-stm32.14.3.rel1.win32_1.0.100.202602081740\tools\arm-none-eabi\include\c++\14.3.1\bits\stl_algobase.h:316:5:_Iterator std::__niter_base(_Iterator) [with _Iterator = bool*]	16	static
C:\ST\STM32CubeIDE_2.1.0\STM32CubeIDE\plugins\com.st.stm32cube.ide.mcu.externaltools.gnu-tools-for-stm32.14.3.rel1.win32_1.0.100.202602081740\tools\arm-none-eabi\include\c++\14.3.1\bits\stl_algobase.h:547:5:_OI std::__copy_move_a1(_II, _II, _OI) [with bool _IsMove = false; _II = const bool*; _OI = bool*]	24	static
C:\ST\STM32CubeIDE_2.1.0\STM32CubeIDE\plugins\com.st.stm32cube.ide.mcu.externaltools.gnu-tools-for-stm32.14.3.rel1.win32_1.0.100.202602081740\tools\arm-none-eabi\include\c++\14.3.1\bits\stl_algobase.h:353:5:_Iterator std::__niter_wrap(const _Iterator&, _Iterator) [with _Iterator = bool*]	16	static
C:\ST\STM32CubeIDE_2.1.0\STM32CubeIDE\plugins\com.st.stm32cube.ide.mcu.externaltools.gnu-tools-for-stm32.14.3.rel1.win32_1.0.100.202602081740\tools\arm-none-eabi\include\c++\14.3.1\bits\stl_algobase.h:512:5:_OI std::__copy_move_a2(_II, _II, _OI) [with bool _IsMove = false; _II = const signed char*; _OI = signed char*]	24	static
C:\ST\STM32CubeIDE_2.1.0\STM32CubeIDE\plugins\com.st.stm32cube.ide.mcu.externaltools.gnu-tools-for-stm32.14.3.rel1.win32_1.0.100.202602081740\tools\bin/../lib/gcc/arm-none-eabi/14.3.1/../../../../arm-none-eabi/include/c++/14.3.1/tuple:202:17:constexpr std::_Head_base<_Idx, _Head, false>::_Head_base(const _Head&) [with unsigned int _Idx = 1; _Head = int&]	16	static
C:\ST\STM32CubeIDE_2.1.0\STM32CubeIDE\plugins\com.st.stm32cube.ide.mcu.externaltools.gnu-tools-for-stm32.14.3.rel1.win32_1.0.100.202602081740\tools\arm-none-eabi\include\c++\14.3.1\bits\stl_algobase.h:512:5:_OI std::__copy_move_a2(_II, _II, _OI) [with bool _IsMove = false; _II = const long int*; _OI = long int*]	24	static
C:\ST\STM32CubeIDE_2.1.0\STM32CubeIDE\plugins\com.st.stm32cube.ide.mcu.externaltools.gnu-tools-for-stm32.14.3.rel1.win32_1.0.100.202602081740\tools\arm-none-eabi\include\c++\14.3.1\bits\stl_algobase.h:512:5:_OI std::__copy_move_a2(_II, _II, _OI) [with bool _IsMove = false; _II = const long long int*; _OI = long long int*]	24	static
C:\ST\STM32CubeIDE_2.1.0\STM32CubeIDE\plugins\com.st.stm32cube.ide.mcu.externaltools.gnu-tools-for-stm32.14.3.rel1.win32_1.0.100.202602081740\tools\arm-none-eabi\include\c++\14.3.1\bits\stl_algobase.h:512:5:_OI std::__copy_move_a2(_II, _II, _OI) [with bool _IsMove = false; _II = const bool*; _OI = bool*]	24	static
C:\ST\STM32CubeIDE_2.1.0\STM32CubeIDE\plugins\com.st.stm32cube.ide.mcu.externaltools.gnu-tools-for-stm32.14.3.rel1.win32_1.0.100.202602081740\tools\arm-none-eabi\include\c++\14.3.1\bits\stl_algobase.h:448:2:static _Up* std::__copy_move<_IsMove, true, std::random_access_iterator_tag>::__copy_m(_Tp*, _Tp*, _Up*) [with _Tp = const signed char; _Up = signed char; bool _IsMove = false]	32	static
C:\ST\STM32CubeIDE_2.1.0\STM32CubeIDE\plugins\com.st.stm32cube.ide.mcu.externaltools.gnu-tools-for-stm32.14.3.rel1.win32_1.0.100.202602081740\tools\arm-none-eabi\include\c++\14.3.1\bits\stl_algobase.h:448:2:static _Up* std::__copy_move<_IsMove, true, std::random_access_iterator_tag>::__copy_m(_Tp*, _Tp*, _Up*) [with _Tp = const long int; _Up = long int; bool _IsMove = false]	32	static
C:\ST\STM32CubeIDE_2.1.0\STM32CubeIDE\plugins\com.st.stm32cube.ide.mcu.externaltools.gnu-tools-for-stm32.14.3.rel1.win32_1.0.100.202602081740\tools\arm-none-eabi\include\c++\14.3.1\bits\stl_algobase.h:448:2:static _Up* std::__copy_move<_IsMove, true, std::random_access_iterator_tag>::__copy_m(_Tp*, _Tp*, _Up*) [with _Tp = const long long int; _Up = long long int; bool _IsMove = false]	32	static
C:\ST\STM32CubeIDE_2.1.0\STM32CubeIDE\plugins\com.st.stm32cube.ide.mcu.externaltools.gnu-tools-for-stm32.14.3.rel1.win32_1.0.100.202602081740\tools\arm-none-eabi\include\c++\14.3.1\bits\stl_algobase.h:448:2:static _Up* std::__copy_move<_IsMove, true, std::random_access_iterator_tag>::__copy_m(_Tp*, _Tp*, _Up*) [with _Tp = const bool; _Up = bool; bool _IsMove = false]	32	static
C:\ST\STM32CubeIDE_2.1.0\STM32CubeIDE\plugins\com.st.stm32cube.ide.mcu.externaltools.gnu-tools-for-stm32.14.3.rel1.win32_1.0.100.202602081740\tools\arm-none-eabi\include\c++\14.3.1\bits\stl_algobase.h:412:2:static void std::__copy_move<false, false, std::random_access_iterator_tag>::__assign_one(_Tp*, _Up*) [with _Tp = signed char; _Up = const signed char]	16	static
C:\ST\STM32CubeIDE_2.1.0\STM32CubeIDE\plugins\com.st.stm32cube.ide.mcu.externaltools.gnu-tools-for-stm32.14.3.rel1.win32_1.0.100.202602081740\tools\arm-none-eabi\include\c++\14.3.1\bits\stl_algobase.h:412:2:static void std::__copy_move<false, false, std::random_access_iterator_tag>::__assign_one(_Tp*, _Up*) [with _Tp = long int; _Up = const long int]	16	static
C:\ST\STM32CubeIDE_2.1.0\STM32CubeIDE\plugins\com.st.stm32cube.ide.mcu.externaltools.gnu-tools-for-stm32.14.3.rel1.win32_1.0.100.202602081740\tools\arm-none-eabi\include\c++\14.3.1\bits\stl_algobase.h:412:2:static void std::__copy_move<false, false, std::random_access_iterator_tag>::__assign_one(_Tp*, _Up*) [with _Tp = long long int; _Up = const long long int]	16	static
C:\ST\STM32CubeIDE_2.1.0\STM32CubeIDE\plugins\com.st.stm32cube.ide.mcu.externaltools.gnu-tools-for-stm32.14.3.rel1.win32_1.0.100.202602081740\tools\arm-none-eabi\include\c++\14.3.1\bits\stl_algobase.h:412:2:static void std::__copy_move<false, false, std::random_access_iterator_tag>::__assign_one(_Tp*, _Up*) [with _Tp = bool; _Up = const bool]	16	static
