../edge-impulse-sdk/CMSIS/DSP/Source/TransformFunctions/arm_rfft_fast_init_f32.c:54:12:arm_rfft_32_fast_init_f32	24	static
../edge-impulse-sdk/CMSIS/DSP/Source/TransformFunctions/arm_rfft_fast_init_f32.c:84:12:arm_rfft_64_fast_init_f32	24	static
../edge-impulse-sdk/CMSIS/DSP/Source/TransformFunctions/arm_rfft_fast_init_f32.c:114:12:arm_rfft_128_fast_init_f32	24	static
../edge-impulse-sdk/CMSIS/DSP/Source/TransformFunctions/arm_rfft_fast_init_f32.c:144:12:arm_rfft_256_fast_init_f32	24	static
../edge-impulse-sdk/CMSIS/DSP/Source/TransformFunctions/arm_rfft_fast_init_f32.c:174:12:arm_rfft_512_fast_init_f32	24	static
../edge-impulse-sdk/CMSIS/DSP/Source/TransformFunctions/arm_rfft_fast_init_f32.c:203:12:arm_rfft_1024_fast_init_f32	24	static
../edge-impulse-sdk/CMSIS/DSP/Source/TransformFunctions/arm_rfft_fast_init_f32.c:231:12:arm_rfft_2048_fast_init_f32	24	static
../edge-impulse-sdk/CMSIS/DSP/Source/TransformFunctions/arm_rfft_fast_init_f32.c:260:12:arm_rfft_4096_fast_init_f32	24	static
../edge-impulse-sdk/CMSIS/DSP/Source/TransformFunctions/arm_rfft_fast_init_f32.c:294:12:arm_rfft_fast_init_f32	24	static
