C:\ST\STM32CubeIDE_2.1.0\STM32CubeIDE\plugins\com.st.stm32cube.ide.mcu.externaltools.gnu-tools-for-stm32.14.3.rel1.win32_1.0.100.202602081740\tools\arm-none-eabi\include\c++\14.3.1\arm-none-eabi\thumb\v7e-m+fp\hard\bits\gthr-default.h:229:1:int __gthread_key_delete(__gthread_key_t)	16	static
../tflite-model/tflite_learn_929129_6_compiled.cpp:270:13:void {anonymous}::init_tflite_tensor(size_t, TfLiteTensor*)	24	static
../tflite-model/tflite_learn_929129_6_compiled.cpp:298:13:void {anonymous}::init_tflite_eval_tensor(int, TfLiteEvalTensor*)	24	static
../tflite-model/tflite_learn_929129_6_compiled.cpp:321:15:void* {anonymous}::AllocatePersistentBufferImpl(TfLiteContext*, size_t)	24	static
../tflite-model/tflite_learn_929129_6_compiled.cpp:364:21:TfLiteStatus {anonymous}::RequestScratchBufferInArenaImpl(TfLiteContext*, size_t, int*)	32	static
../tflite-model/tflite_learn_929129_6_compiled.cpp:390:14:void* {anonymous}::GetScratchBufferImpl(TfLiteContext*, int)	16	static
../tflite-model/tflite_learn_929129_6_compiled.cpp:399:13:void {anonymous}::ResetTensors()	16	static
../tflite-model/tflite_learn_929129_6_compiled.cpp:408:22:TfLiteTensor* {anonymous}::GetTensorImpl(const TfLiteContext*, int)	24	static
../tflite-model/tflite_learn_929129_6_compiled.cpp:431:26:TfLiteEvalTensor* {anonymous}::GetEvalTensorImpl(const TfLiteContext*, int)	24	static
../tflite-model/tflite_learn_929129_6_compiled.cpp:457:3:{anonymous}::EonMicroContext::EonMicroContext()	16	static
../tflite-model/tflite_learn_929129_6_compiled.cpp:459:9:virtual void* {anonymous}::EonMicroContext::AllocatePersistentBuffer(size_t)	16	static
../tflite-model/tflite_learn_929129_6_compiled.cpp:463:16:virtual TfLiteStatus {anonymous}::EonMicroContext::RequestScratchBufferInArena(size_t, int*)	24	static
../tflite-model/tflite_learn_929129_6_compiled.cpp:468:9:virtual void* {anonymous}::EonMicroContext::GetScratchBuffer(int)	16	static
../tflite-model/tflite_learn_929129_6_compiled.cpp:472:17:virtual TfLiteTensor* {anonymous}::EonMicroContext::AllocateTempTfLiteTensor(int)	16	static
../tflite-model/tflite_learn_929129_6_compiled.cpp:476:8:virtual void {anonymous}::EonMicroContext::DeallocateTempTfLiteTensor(TfLiteTensor*)	16	static
../tflite-model/tflite_learn_929129_6_compiled.cpp:484:21:virtual TfLiteEvalTensor* {anonymous}::EonMicroContext::GetEvalTensor(int)	16	static
../tflite-model/tflite_learn_929129_6_compiled.cpp:454:7:{anonymous}::EonMicroContext::~EonMicroContext()	16	static
../tflite-model/tflite_learn_929129_6_compiled.cpp:454:7:virtual {anonymous}::EonMicroContext::~EonMicroContext()	16	static
../tflite-model/tflite_learn_929129_6_compiled.cpp:493:14:TfLiteStatus tflite_learn_929129_6_init(void* (*)(size_t, size_t))	184	static
../tflite-model/tflite_learn_929129_6_compiled.cpp:565:14:TfLiteStatus tflite_learn_929129_6_input(int, TfLiteTensor*)	16	static
../tflite-model/tflite_learn_929129_6_compiled.cpp:570:14:TfLiteStatus tflite_learn_929129_6_output(int, TfLiteTensor*)	16	static
../tflite-model/tflite_learn_929129_6_compiled.cpp:575:14:TfLiteStatus tflite_learn_929129_6_invoke()	24	static
../tflite-model/tflite_learn_929129_6_compiled.cpp:647:14:TfLiteStatus tflite_learn_929129_6_reset(void (*)(void*))	24	static
../tflite-model/tflite_learn_929129_6_compiled.cpp:661:1:void __static_initialization_and_destruction_0()	4	static
../tflite-model/tflite_learn_929129_6_compiled.cpp:661:1:cpp)	8	static
